../Libs/Display_st7789/UGUI/ugui_textbox.c:293:13:_UG_TextboxUpdate	80	static
../Libs/Display_st7789/UGUI/ugui_textbox.c:10:11:UG_TextboxCreate	40	static
../Libs/Display_st7789/UGUI/ugui_textbox.c:52:11:UG_TextboxDelete	8	static
../Libs/Display_st7789/UGUI/ugui_textbox.c:57:11:UG_TextboxShow	8	static
../Libs/Display_st7789/UGUI/ugui_textbox.c:70:11:UG_TextboxHide	8	static
../Libs/Display_st7789/UGUI/ugui_textbox.c:83:11:UG_TextboxSetForeColor	8	static
../Libs/Display_st7789/UGUI/ugui_textbox.c:98:11:UG_TextboxSetBackColor	8	static
../Libs/Display_st7789/UGUI/ugui_textbox.c:113:11:UG_TextboxSetText	8	static
../Libs/Display_st7789/UGUI/ugui_textbox.c:128:11:UG_TextboxSetFont	8	static
../Libs/Display_st7789/UGUI/ugui_textbox.c:143:11:UG_TextboxSetHSpace	8	static
../Libs/Display_st7789/UGUI/ugui_textbox.c:158:11:UG_TextboxSetVSpace	8	static
../Libs/Display_st7789/UGUI/ugui_textbox.c:173:11:UG_TextboxSetAlignment	8	static
../Libs/Display_st7789/UGUI/ugui_textbox.c:188:10:UG_TextboxGetForeColor	8	static
../Libs/Display_st7789/UGUI/ugui_textbox.c:203:10:UG_TextboxGetBackColor	8	static
../Libs/Display_st7789/UGUI/ugui_textbox.c:218:7:UG_TextboxGetText	8	static
../Libs/Display_st7789/UGUI/ugui_textbox.c:233:10:UG_TextboxGetFont	8	static
../Libs/Display_st7789/UGUI/ugui_textbox.c:248:7:UG_TextboxGetHSpace	8	static
../Libs/Display_st7789/UGUI/ugui_textbox.c:263:7:UG_TextboxGetVSpace	8	static
../Libs/Display_st7789/UGUI/ugui_textbox.c:278:7:UG_TextboxGetAlignment	8	static
