../Libs/Display_st7789/UGUI/ugui_checkbox.c:469:13:_UG_CheckboxUpdate	96	static
../Libs/Display_st7789/UGUI/ugui_checkbox.c:18:11:UG_CheckboxCreate	40	static
../Libs/Display_st7789/UGUI/ugui_checkbox.c:65:11:UG_CheckboxDelete	8	static
../Libs/Display_st7789/UGUI/ugui_checkbox.c:70:11:UG_CheckboxShow	8	static
../Libs/Display_st7789/UGUI/ugui_checkbox.c:83:11:UG_CheckboxHide	8	static
../Libs/Display_st7789/UGUI/ugui_checkbox.c:104:11:UG_CheckboxSetChecked	8	static
../Libs/Display_st7789/UGUI/ugui_checkbox.c:120:11:UG_CheckboxSetForeColor	8	static
../Libs/Display_st7789/UGUI/ugui_checkbox.c:135:11:UG_CheckboxSetBackColor	8	static
../Libs/Display_st7789/UGUI/ugui_checkbox.c:150:11:UG_CheckboxSetAlternateForeColor	8	static
../Libs/Display_st7789/UGUI/ugui_checkbox.c:165:11:UG_CheckboxSetAlternateBackColor	8	static
../Libs/Display_st7789/UGUI/ugui_checkbox.c:180:11:UG_CheckboxSetText	8	static
../Libs/Display_st7789/UGUI/ugui_checkbox.c:195:11:UG_CheckboxSetFont	8	static
../Libs/Display_st7789/UGUI/ugui_checkbox.c:210:11:UG_CheckboxSetStyle	16	static
../Libs/Display_st7789/UGUI/ugui_checkbox.c:258:11:UG_CheckboxSetHSpace	8	static
../Libs/Display_st7789/UGUI/ugui_checkbox.c:273:11:UG_CheckboxSetVSpace	8	static
../Libs/Display_st7789/UGUI/ugui_checkbox.c:288:11:UG_CheckboxSetAlignment	8	static
../Libs/Display_st7789/UGUI/ugui_checkbox.c:303:7:UG_CheckboxGetChecked	8	static
../Libs/Display_st7789/UGUI/ugui_checkbox.c:318:10:UG_CheckboxGetForeColor	8	static
../Libs/Display_st7789/UGUI/ugui_checkbox.c:333:10:UG_CheckboxGetBackColor	8	static
../Libs/Display_st7789/UGUI/ugui_checkbox.c:348:10:UG_CheckboxGetAlternateForeColor	8	static
../Libs/Display_st7789/UGUI/ugui_checkbox.c:363:10:UG_CheckboxGetAlternateBackColor	8	static
../Libs/Display_st7789/UGUI/ugui_checkbox.c:378:7:UG_CheckboxGetText	8	static
../Libs/Display_st7789/UGUI/ugui_checkbox.c:393:10:UG_CheckboxGetFont	8	static
../Libs/Display_st7789/UGUI/ugui_checkbox.c:408:7:UG_CheckboxGetStyle	8	static
../Libs/Display_st7789/UGUI/ugui_checkbox.c:423:7:UG_CheckboxGetHSpace	8	static
../Libs/Display_st7789/UGUI/ugui_checkbox.c:438:7:UG_CheckboxGetVSpace	8	static
../Libs/Display_st7789/UGUI/ugui_checkbox.c:453:7:UG_CheckboxGetAlignment	8	static
