../Libs/Display_st7789/LCD/lcd.c:201:13:LCD_WriteData	24	static
../Libs/Display_st7789/LCD/lcd.c:367:6:LCD_FillPixels	88	static
../Libs/Display_st7789/LCD/lcd.c:589:13:clearTime	8	static
../Libs/Display_st7789/LCD/lcd.c:592:13:printTime	16	static
../Libs/Display_st7789/LCD/lcd.c:91:13:setSPI_Size.part.0	8	static
../Libs/Display_st7789/LCD/lcd.c:119:13:setDMAMemMode	24	static
../Libs/Display_st7789/LCD/lcd.c:533:13:LCD_Update	8	static
../Libs/Display_st7789/LCD/lcd.c:178:13:LCD_WriteCommand	24	static
../Libs/Display_st7789/LCD/lcd.c:308:13:LCD_SetAddressWindow	24	static
../Libs/Display_st7789/LCD/lcd.c:392:7:LCD_FillArea	8	static
../Libs/Display_st7789/LCD/lcd.c:337:6:LCD_DrawPixel	24	static
../Libs/Display_st7789/LCD/lcd.c:419:8:LCD_Fill	16	static
../Libs/Display_st7789/LCD/lcd.c:479:8:LCD_DrawLine	24	static
../Libs/Display_st7789/LCD/lcd.c:445:6:LCD_DrawImage	16	static
../Libs/Display_st7789/LCD/lcd.c:262:6:LCD_SetRotation	16	static
../Libs/Display_st7789/LCD/lcd.c:494:6:LCD_PutChar	40	static
../Libs/Display_st7789/LCD/lcd.c:499:6:LCD_PutStr	32	static
../Libs/Display_st7789/LCD/lcd.c:510:6:LCD_InvertColors	16	static
../Libs/Display_st7789/LCD/lcd.c:521:6:LCD_TearEffect	16	static
../Libs/Display_st7789/LCD/lcd.c:527:6:LCD_setPower	16	static
../Libs/Display_st7789/LCD/lcd.c:557:6:LCD_init	16	static
../Libs/Display_st7789/LCD/lcd.c:619:6:LCD_Test	88	static
