../Libs/Display_st7789/UGUI/ugui.c:741:8:_UG_GetCharData	40	static
../Libs/Display_st7789/UGUI/ugui.c:835:6:_UG_FontSelect	12	static
../Libs/Display_st7789/UGUI/ugui.c:861:8:_UG_PutChar	120	static
../Libs/Display_st7789/UGUI/ugui.c:680:9:_UG_DecodeUTF8	20	static
../Libs/Display_st7789/UGUI/ugui.c:43:8:UG_Init	8	static
../Libs/Display_st7789/UGUI/ugui.c:86:8:UG_SelectGUI	0	static
../Libs/Display_st7789/UGUI/ugui.c:92:9:UG_GetGUI	0	static
../Libs/Display_st7789/UGUI/ugui.c:100:6:UG_FontSelect	0	static
../Libs/Display_st7789/UGUI/ugui.c:110:6:UG_FillFrame	40	static
../Libs/Display_st7789/UGUI/ugui.c:105:6:UG_FillScreen	16	static
../Libs/Display_st7789/UGUI/ugui.c:2330:18:_UG_WindowClear.isra	32	static
../Libs/Display_st7789/UGUI/ugui.c:232:6:UG_DrawPixel	8	static
../Libs/Display_st7789/UGUI/ugui.c:237:6:UG_DrawCircle	72	static
../Libs/Display_st7789/UGUI/ugui.c:312:6:UG_DrawArc	48	static
../Libs/Display_st7789/UGUI/ugui.c:356:6:UG_DrawLine	64	static
../Libs/Display_st7789/UGUI/ugui.c:134:6:UG_FillRoundFrame	64	static
../Libs/Display_st7789/UGUI/ugui.c:176:6:UG_DrawMesh	48	static
../Libs/Display_st7789/UGUI/ugui.c:198:6:UG_DrawFrame	40	static
../Libs/Display_st7789/UGUI/ugui.c:206:6:UG_DrawRoundFrame	48	static
../Libs/Display_st7789/UGUI/ugui.c:274:6:UG_FillCircle	64	static
../Libs/Display_st7789/UGUI/ugui.c:411:6:UG_DrawTriangle	48	static
../Libs/Display_st7789/UGUI/ugui.c:418:6:UG_FillTriangle	88	static
../Libs/Display_st7789/UGUI/ugui.c:509:6:UG_PutString	48	static
../Libs/Display_st7789/UGUI/ugui.c:552:6:UG_PutChar	40	static
../Libs/Display_st7789/UGUI/ugui.c:561:6:UG_ConsolePutString	40	static
../Libs/Display_st7789/UGUI/ugui.c:611:6:UG_ConsoleSetArea	8	static
../Libs/Display_st7789/UGUI/ugui.c:619:6:UG_ConsoleSetForecolor	0	static
../Libs/Display_st7789/UGUI/ugui.c:624:6:UG_ConsoleSetBackcolor	0	static
../Libs/Display_st7789/UGUI/ugui.c:630:6:UG_SetForecolor	0	static
../Libs/Display_st7789/UGUI/ugui.c:635:6:UG_SetBackcolor	0	static
../Libs/Display_st7789/UGUI/ugui.c:640:8:UG_GetXDim	0	static
../Libs/Display_st7789/UGUI/ugui.c:645:8:UG_GetYDim	0	static
../Libs/Display_st7789/UGUI/ugui.c:650:6:UG_FontSetHSpace	0	static
../Libs/Display_st7789/UGUI/ugui.c:655:6:UG_FontSetVSpace	0	static
../Libs/Display_st7789/UGUI/ugui.c:660:6:UG_FontSetTransparency	0	static
../Libs/Display_st7789/UGUI/ugui.c:665:7:UG_FontGetTransparency	0	static
../Libs/Display_st7789/UGUI/ugui.c:1173:6:_UG_PutText	64	static
../Libs/Display_st7789/UGUI/ugui.c:2223:18:_UG_WindowDrawTitle.isra	80	static
../Libs/Display_st7789/UGUI/ugui.c:1294:12:_UG_SearchObject	16	static
../Libs/Display_st7789/UGUI/ugui.c:1314:6:_UG_DrawObjectFrame	64	static
../Libs/Display_st7789/UGUI/ugui.c:1333:12:_UG_GetFreeObject	8	static
../Libs/Display_st7789/UGUI/ugui.c:1350:11:_UG_DeleteObject	8	static
../Libs/Display_st7789/UGUI/ugui.c:1403:8:_UG_ConvertRGB565ToRGB888	16	static
../Libs/Display_st7789/UGUI/ugui.c:1422:6:UG_DriverRegister	0	static
../Libs/Display_st7789/UGUI/ugui.c:1430:6:UG_DriverEnable	0	static
../Libs/Display_st7789/UGUI/ugui.c:1439:6:UG_DriverDisable	0	static
../Libs/Display_st7789/UGUI/ugui.c:1451:6:UG_Update	48	static
../Libs/Display_st7789/UGUI/ugui.c:1508:6:UG_WaitForUpdate	0	static
../Libs/Display_st7789/UGUI/ugui.c:1519:6:UG_DrawBMP	40	static
../Libs/Display_st7789/UGUI/ugui.c:1592:6:UG_TouchUpdate	0	static
../Libs/Display_st7789/UGUI/ugui.c:1603:11:UG_WindowCreate	24	static
../Libs/Display_st7789/UGUI/ugui.c:1647:11:UG_WindowDelete	0	static
../Libs/Display_st7789/UGUI/ugui.c:1668:11:UG_WindowShow	0	static
../Libs/Display_st7789/UGUI/ugui.c:1681:11:UG_WindowHide	16	static
../Libs/Display_st7789/UGUI/ugui.c:1712:11:UG_WindowResize	48	static
../Libs/Display_st7789/UGUI/ugui.c:1762:11:UG_WindowSetForeColor	0	static
../Libs/Display_st7789/UGUI/ugui.c:1773:11:UG_WindowSetBackColor	0	static
../Libs/Display_st7789/UGUI/ugui.c:1784:11:UG_WindowSetTitleTextColor	0	static
../Libs/Display_st7789/UGUI/ugui.c:1795:11:UG_WindowSetTitleColor	0	static
../Libs/Display_st7789/UGUI/ugui.c:1806:11:UG_WindowSetTitleInactiveTextColor	0	static
../Libs/Display_st7789/UGUI/ugui.c:1817:11:UG_WindowSetTitleInactiveColor	0	static
../Libs/Display_st7789/UGUI/ugui.c:1828:11:UG_WindowSetTitleText	0	static
../Libs/Display_st7789/UGUI/ugui.c:1839:11:UG_WindowSetTitleTextFont	16	static
../Libs/Display_st7789/UGUI/ugui.c:1855:11:UG_WindowSetTitleTextHSpace	0	static
../Libs/Display_st7789/UGUI/ugui.c:1866:11:UG_WindowSetTitleTextVSpace	0	static
../Libs/Display_st7789/UGUI/ugui.c:1877:11:UG_WindowSetTitleTextAlignment	0	static
../Libs/Display_st7789/UGUI/ugui.c:1888:11:UG_WindowSetTitleHeight	0	static
../Libs/Display_st7789/UGUI/ugui.c:1900:11:UG_WindowSetXStart	24	static
../Libs/Display_st7789/UGUI/ugui.c:1911:11:UG_WindowSetYStart	24	static
../Libs/Display_st7789/UGUI/ugui.c:1922:11:UG_WindowSetXEnd	24	static
../Libs/Display_st7789/UGUI/ugui.c:1933:11:UG_WindowSetYEnd	24	static
../Libs/Display_st7789/UGUI/ugui.c:1944:11:UG_WindowSetStyle	12	static
../Libs/Display_st7789/UGUI/ugui.c:1972:10:UG_WindowGetForeColor	0	static
../Libs/Display_st7789/UGUI/ugui.c:1982:10:UG_WindowGetBackColor	0	static
../Libs/Display_st7789/UGUI/ugui.c:1992:10:UG_WindowGetTitleTextColor	0	static
../Libs/Display_st7789/UGUI/ugui.c:2002:10:UG_WindowGetTitleColor	0	static
../Libs/Display_st7789/UGUI/ugui.c:1753:11:UG_WindowAlert	16	static
../Libs/Display_st7789/UGUI/ugui.c:2012:10:UG_WindowGetTitleInactiveTextColor	0	static
../Libs/Display_st7789/UGUI/ugui.c:2022:10:UG_WindowGetTitleInactiveColor	0	static
../Libs/Display_st7789/UGUI/ugui.c:2032:7:UG_WindowGetTitleText	0	static
../Libs/Display_st7789/UGUI/ugui.c:2042:10:UG_WindowGetTitleTextFont	0	static
../Libs/Display_st7789/UGUI/ugui.c:2052:7:UG_WindowGetTitleTextHSpace	0	static
../Libs/Display_st7789/UGUI/ugui.c:2062:7:UG_WindowGetTitleTextVSpace	0	static
../Libs/Display_st7789/UGUI/ugui.c:2072:7:UG_WindowGetTitleTextAlignment	0	static
../Libs/Display_st7789/UGUI/ugui.c:2082:7:UG_WindowGetTitleHeight	0	static
../Libs/Display_st7789/UGUI/ugui.c:2092:8:UG_WindowGetXStart	0	static
../Libs/Display_st7789/UGUI/ugui.c:2102:8:UG_WindowGetYStart	0	static
../Libs/Display_st7789/UGUI/ugui.c:2112:8:UG_WindowGetXEnd	0	static
../Libs/Display_st7789/UGUI/ugui.c:2122:8:UG_WindowGetYEnd	0	static
../Libs/Display_st7789/UGUI/ugui.c:2132:7:UG_WindowGetStyle	0	static
../Libs/Display_st7789/UGUI/ugui.c:2142:11:UG_WindowGetArea	20	static
../Libs/Display_st7789/UGUI/ugui.c:2166:8:UG_WindowGetInnerWidth	0	static
../Libs/Display_st7789/UGUI/ugui.c:2181:8:UG_WindowGetOuterWidth	0	static
../Libs/Display_st7789/UGUI/ugui.c:2193:8:UG_WindowGetInnerHeight	0	static
../Libs/Display_st7789/UGUI/ugui.c:2211:8:UG_WindowGetOuterHeight	0	static
