Archive member included to satisfy reference by file (symbol)

C:/ST/STM32CubeIDE_1.11.0/STM32CubeIDE/plugins/com.st.stm32cube.ide.mcu.externaltools.gnu-tools-for-stm32.11.3.rel1.win32_1.1.100.202309141235/tools/bin/../lib/gcc/arm-none-eabi/11.3.1/../../../../arm-none-eabi/lib/thumb/v6-m/nofp\libc_nano.a(libc_a-exit.o)
                              C:/ST/STM32CubeIDE_1.11.0/STM32CubeIDE/plugins/com.st.stm32cube.ide.mcu.externaltools.gnu-tools-for-stm32.11.3.rel1.win32_1.1.100.202309141235/tools/bin/../lib/gcc/arm-none-eabi/11.3.1/../../../../arm-none-eabi/lib/thumb/v6-m/nofp/crt0.o (exit)
C:/ST/STM32CubeIDE_1.11.0/STM32CubeIDE/plugins/com.st.stm32cube.ide.mcu.externaltools.gnu-tools-for-stm32.11.3.rel1.win32_1.1.100.202309141235/tools/bin/../lib/gcc/arm-none-eabi/11.3.1/../../../../arm-none-eabi/lib/thumb/v6-m/nofp\libc_nano.a(libc_a-malloc.o)
                              ./Libs/Display_st7789/UGUI/ugui_sim.o (malloc)
C:/ST/STM32CubeIDE_1.11.0/STM32CubeIDE/plugins/com.st.stm32cube.ide.mcu.externaltools.gnu-tools-for-stm32.11.3.rel1.win32_1.1.100.202309141235/tools/bin/../lib/gcc/arm-none-eabi/11.3.1/../../../../arm-none-eabi/lib/thumb/v6-m/nofp\libc_nano.a(libc_a-mallocr.o)
                              C:/ST/STM32CubeIDE_1.11.0/STM32CubeIDE/plugins/com.st.stm32cube.ide.mcu.externaltools.gnu-tools-for-stm32.11.3.rel1.win32_1.1.100.202309141235/tools/bin/../lib/gcc/arm-none-eabi/11.3.1/../../../../arm-none-eabi/lib/thumb/v6-m/nofp\libc_nano.a(libc_a-malloc.o) (_malloc_r)
C:/ST/STM32CubeIDE_1.11.0/STM32CubeIDE/plugins/com.st.stm32cube.ide.mcu.externaltools.gnu-tools-for-stm32.11.3.rel1.win32_1.1.100.202309141235/tools/bin/../lib/gcc/arm-none-eabi/11.3.1/../../../../arm-none-eabi/lib/thumb/v6-m/nofp\libc_nano.a(libc_a-mlock.o)
                              C:/ST/STM32CubeIDE_1.11.0/STM32CubeIDE/plugins/com.st.stm32cube.ide.mcu.externaltools.gnu-tools-for-stm32.11.3.rel1.win32_1.1.100.202309141235/tools/bin/../lib/gcc/arm-none-eabi/11.3.1/../../../../arm-none-eabi/lib/thumb/v6-m/nofp\libc_nano.a(libc_a-mallocr.o) (__malloc_lock)
C:/ST/STM32CubeIDE_1.11.0/STM32CubeIDE/plugins/com.st.stm32cube.ide.mcu.externaltools.gnu-tools-for-stm32.11.3.rel1.win32_1.1.100.202309141235/tools/bin/../lib/gcc/arm-none-eabi/11.3.1/../../../../arm-none-eabi/lib/thumb/v6-m/nofp\libc_nano.a(libc_a-findfp.o)
                              C:/ST/STM32CubeIDE_1.11.0/STM32CubeIDE/plugins/com.st.stm32cube.ide.mcu.externaltools.gnu-tools-for-stm32.11.3.rel1.win32_1.1.100.202309141235/tools/bin/../lib/gcc/arm-none-eabi/11.3.1/../../../../arm-none-eabi/lib/thumb/v6-m/nofp\libc_nano.a(libc_a-exit.o) (__stdio_exit_handler)
C:/ST/STM32CubeIDE_1.11.0/STM32CubeIDE/plugins/com.st.stm32cube.ide.mcu.externaltools.gnu-tools-for-stm32.11.3.rel1.win32_1.1.100.202309141235/tools/bin/../lib/gcc/arm-none-eabi/11.3.1/../../../../arm-none-eabi/lib/thumb/v6-m/nofp\libc_nano.a(libc_a-fwalk.o)
                              C:/ST/STM32CubeIDE_1.11.0/STM32CubeIDE/plugins/com.st.stm32cube.ide.mcu.externaltools.gnu-tools-for-stm32.11.3.rel1.win32_1.1.100.202309141235/tools/bin/../lib/gcc/arm-none-eabi/11.3.1/../../../../arm-none-eabi/lib/thumb/v6-m/nofp\libc_nano.a(libc_a-findfp.o) (_fwalk_sglue)
C:/ST/STM32CubeIDE_1.11.0/STM32CubeIDE/plugins/com.st.stm32cube.ide.mcu.externaltools.gnu-tools-for-stm32.11.3.rel1.win32_1.1.100.202309141235/tools/bin/../lib/gcc/arm-none-eabi/11.3.1/../../../../arm-none-eabi/lib/thumb/v6-m/nofp\libc_nano.a(libc_a-printf.o)
                              ./Libs/Display_st7789/UGUI/ugui_sim.o (printf)
C:/ST/STM32CubeIDE_1.11.0/STM32CubeIDE/plugins/com.st.stm32cube.ide.mcu.externaltools.gnu-tools-for-stm32.11.3.rel1.win32_1.1.100.202309141235/tools/bin/../lib/gcc/arm-none-eabi/11.3.1/../../../../arm-none-eabi/lib/thumb/v6-m/nofp\libc_nano.a(libc_a-putchar.o)
                              ./Libs/Display_st7789/UGUI/ugui_sim.o (putchar)
C:/ST/STM32CubeIDE_1.11.0/STM32CubeIDE/plugins/com.st.stm32cube.ide.mcu.externaltools.gnu-tools-for-stm32.11.3.rel1.win32_1.1.100.202309141235/tools/bin/../lib/gcc/arm-none-eabi/11.3.1/../../../../arm-none-eabi/lib/thumb/v6-m/nofp\libc_nano.a(libc_a-sprintf.o)
                              ./Libs/Display_st7789/LCD/lcd.o (sprintf)
C:/ST/STM32CubeIDE_1.11.0/STM32CubeIDE/plugins/com.st.stm32cube.ide.mcu.externaltools.gnu-tools-for-stm32.11.3.rel1.win32_1.1.100.202309141235/tools/bin/../lib/gcc/arm-none-eabi/11.3.1/../../../../arm-none-eabi/lib/thumb/v6-m/nofp\libc_nano.a(libc_a-stdio.o)
                              C:/ST/STM32CubeIDE_1.11.0/STM32CubeIDE/plugins/com.st.stm32cube.ide.mcu.externaltools.gnu-tools-for-stm32.11.3.rel1.win32_1.1.100.202309141235/tools/bin/../lib/gcc/arm-none-eabi/11.3.1/../../../../arm-none-eabi/lib/thumb/v6-m/nofp\libc_nano.a(libc_a-findfp.o) (__sread)
[...]
Memory Configuration

Name             Origin             Length             Attributes
RAM              0x0000000020000000 0x0000000000002000 xrw
FLASH            0x0000000008000000 0x0000000000010000 xr
*default*        0x0000000000000000 0xffffffffffffffff

Linker script and memory map

LOAD C:/ST/STM32CubeIDE_1.11.0/STM32CubeIDE/plugins/com.st.stm32cube.ide.mcu.externaltools.gnu-tools-for-stm32.11.3.rel1.win32_1.1.100.202309141235/tools/bin/../lib/gcc/arm-none-eabi/11.3.1/thumb/v6-m/nofp/crti.o
LOAD C:/ST/STM32CubeIDE_1.11.0/STM32CubeIDE/plugins/com.st.stm32cube.ide.mcu.externaltools.gnu-tools-for-stm32.11.3.rel1.win32_1.1.100.202309141235/tools/bin/../lib/gcc/arm-none-eabi/11.3.1/thumb/v6-m/nofp/crtbegin.o
LOAD C:/ST/STM32CubeIDE_1.11.0/STM32CubeIDE/plugins/com.st.stm32cube.ide.mcu.externaltools.gnu-tools-for-stm32.11.3.rel1.win32_1.1.100.202309141235/tools/bin/../lib/gcc/arm-none-eabi/11.3.1/../../../../arm-none-eabi/lib/thumb/v6-m/nofp/crt0.o
LOAD ./Core/Src/app_main.o
LOAD ./Core/Src/main.o
LOAD ./Core/Src/stm32g0xx_hal_msp.o
LOAD ./Core/Src/stm32g0xx_it.o
LOAD ./Core/Src/syscalls.o
LOAD ./Core/Src/sysmem.o
LOAD ./Core/Src/system_stm32g0xx.o
LOAD ./Core/Startup/startup_stm32g030c8tx.o
LOAD ./Drivers/STM32G0xx_HAL_Driver/Src/stm32g0xx_hal.o
LOAD ./Drivers/STM32G0xx_HAL_Driver/Src/stm32g0xx_hal_adc.o
LOAD ./Drivers/STM32G0xx_HAL_Driver/Src/stm32g0xx_hal_adc_ex.o
LOAD ./Drivers/STM32G0xx_HAL_Driver/Src/stm32g0xx_hal_cortex.o
LOAD ./Drivers/STM32G0xx_HAL_Driver/Src/stm32g0xx_hal_dma.o
LOAD ./Drivers/STM32G0xx_HAL_Driver/Src/stm32g0xx_hal_dma_ex.o
LOAD ./Drivers/STM32G0xx_HAL_Driver/Src/stm32g0xx_hal_exti.o
LOAD ./Drivers/STM32G0xx_HAL_Driver/Src/stm32g0xx_hal_flash.o
LOAD ./Drivers/STM32G0xx_HAL_Driver/Src/stm32g0xx_hal_flash_ex.o
LOAD ./Drivers/STM32G0xx_HAL_Driver/Src/stm32g0xx_hal_gpio.o
LOAD ./Drivers/STM32G0xx_HAL_Driver/Src/stm32g0xx_hal_i2c.o
LOAD ./Drivers/STM32G0xx_HAL_Driver/Src/stm32g0xx_hal_i2c_ex.o
LOAD ./Drivers/STM32G0xx_HAL_Driver/Src/stm32g0xx_hal_iwdg.o
LOAD ./Drivers/STM32G0xx_HAL_Driver/Src/stm32g0xx_hal_pwr.o
LOAD ./Drivers/STM32G0xx_HAL_Driver/Src/stm32g0xx_hal_pwr_ex.o
LOAD ./Drivers/STM32G0xx_HAL_Driver/Src/stm32g0xx_hal_rcc.o
LOAD ./Drivers/STM32G0xx_HAL_Driver/Src/stm32g0xx_hal_rcc_ex.o
LOAD ./Drivers/STM32G0xx_HAL_Driver/Src/stm32g0xx_hal_rtc.o
LOAD ./Drivers/STM32G0xx_HAL_Driver/Src/stm32g0xx_hal_rtc_ex.o
LOAD ./Drivers/STM32G0xx_HAL_Driver/Src/stm32g0xx_hal_spi.o
LOAD ./Drivers/STM32G0xx_HAL_Driver/Src/stm32g0xx_hal_spi_ex.o
LOAD ./Drivers/STM32G0xx_HAL_Driver/Src/stm32g0xx_hal_tim.o
LOAD ./Drivers/STM32G0xx_HAL_Driver/Src/stm32g0xx_hal_tim_ex.o
LOAD ./Drivers/STM32G0xx_HAL_Driver/Src/stm32g0xx_hal_uart.o
LOAD ./Drivers/STM32G0xx_HAL_Driver/Src/stm32g0xx_hal_uart_ex.o
LOAD ./Drivers/STM32G0xx_HAL_Driver/Src/stm32g0xx_ll_adc.o
LOAD ./Drivers/STM32G0xx_HAL_Driver/Src/stm32g0xx_ll_dma.o
LOAD ./Drivers/STM32G0xx_HAL_Driver/Src/stm32g0xx_ll_rcc.o
LOAD ./Libs/AHT20.o
LOAD ./Libs/USB_driver.o
LOAD ./Libs/button.o
LOAD ./Libs/buzzer.o
LOAD ./Libs/internal_adc.o
LOAD ./Libs/Display_st7789/LCD/images.o
LOAD ./Libs/Display_st7789/LCD/lcd.o
LOAD ./Libs/Display_st7789/UGUI/Fonts/arial_10X13.o
LOAD ./Libs/Display_st7789/UGUI/Fonts/arial_10X13_cyrillic.o
LOAD ./Libs/Display_st7789/UGUI/Fonts/arial_12X15.o
LOAD ./Libs/Display_st7789/UGUI/Fonts/arial_12X15_cyrillic.o
LOAD ./Libs/Display_st7789/UGUI/Fonts/arial_16X18.o
LOAD ./Libs/Display_st7789/UGUI/Fonts/arial_16X18_cyrillic.o
LOAD ./Libs/Display_st7789/UGUI/Fonts/arial_20X23.o
LOAD ./Libs/Display_st7789/UGUI/Fonts/arial_20X23_cyrillic.o
LOAD ./Libs/Display_st7789/UGUI/Fonts/arial_25X28.o
LOAD ./Libs/Display_st7789/UGUI/Fonts/arial_25X28_cyrillic.o
LOAD ./Libs/Display_st7789/UGUI/Fonts/arial_29X35.o
LOAD ./Libs/Display_st7789/UGUI/Fonts/arial_29X35_cyrillic.o
LOAD ./Libs/Display_st7789/UGUI/Fonts/arial_35X40.o
LOAD ./Libs/Display_st7789/UGUI/Fonts/arial_35X40_cyrillic.o
LOAD ./Libs/Display_st7789/UGUI/Fonts/arial_39X45.o
LOAD ./Libs/Display_st7789/UGUI/Fonts/arial_39X45_cyrillic.o
LOAD ./Libs/Display_st7789/UGUI/Fonts/arial_45X52.o
LOAD ./Libs/Display_st7789/UGUI/Fonts/arial_45X52_cyrillic.o
LOAD ./Libs/Display_st7789/UGUI/Fonts/arial_49X57.o
LOAD ./Libs/Display_st7789/UGUI/Fonts/arial_49X57_cyrillic.o
LOAD ./Libs/Display_st7789/UGUI/Fonts/arial_6X6.o
LOAD ./Libs/Display_st7789/UGUI/Fonts/arial_6X6_cyrillic.o
LOAD ./Libs/Display_st7789/UGUI/Fonts/arial_9X10.o
LOAD ./Libs/Display_st7789/UGUI/Fonts/arial_9X10_cyrillic.o
LOAD ./Libs/Display_st7789/UGUI/Fonts/font_10x16.o
LOAD ./Libs/Display_st7789/UGUI/Fonts/font_12x16.o
LOAD ./Libs/Display_st7789/UGUI/Fonts/font_12x20.o
LOAD ./Libs/Display_st7789/UGUI/Fonts/font_16x26.o
LOAD ./Libs/Display_st7789/UGUI/Fonts/font_22x36.o
LOAD ./Libs/Display_st7789/UGUI/Fonts/font_24x40.o
LOAD ./Libs/Display_st7789/UGUI/Fonts/font_32x53.o
LOAD ./Libs/Display_st7789/UGUI/Fonts/font_4x6.o
LOAD ./Libs/Display_st7789/UGUI/Fonts/font_5x12.o
LOAD ./Libs/Display_st7789/UGUI/Fonts/font_5x8.o
LOAD ./Libs/Display_st7789/UGUI/Fonts/font_6x10.o
LOAD ./Libs/Display_st7789/UGUI/Fonts/font_6x8.o
LOAD ./Libs/Display_st7789/UGUI/Fonts/font_7x12.o
LOAD ./Libs/Display_st7789/UGUI/Fonts/font_8x12.o
LOAD ./Libs/Display_st7789/UGUI/Fonts/font_8x12_cyrillic.o
LOAD ./Libs/Display_st7789/UGUI/Fonts/font_8x14.o
LOAD ./Libs/Display_st7789/UGUI/Fonts/font_8x8.o
LOAD ./Libs/Display_st7789/UGUI/ugui.o
LOAD ./Libs/Display_st7789/UGUI/ugui_button.o
LOAD ./Libs/Display_st7789/UGUI/ugui_checkbox.o
LOAD ./Libs/Display_st7789/UGUI/ugui_image.o
LOAD ./Libs/Display_st7789/UGUI/ugui_progress.o
LOAD ./Libs/Display_st7789/UGUI/ugui_sim.o
LOAD ./Libs/Display_st7789/UGUI/ugui_sim_x11.o
LOAD ./Libs/Display_st7789/UGUI/ugui_textbox.o
START GROUP
LOAD C:/ST/STM32CubeIDE_1.11.0/STM32CubeIDE/plugins/com.st.stm32cube.ide.mcu.externaltools.gnu-tools-for-stm32.11.3.rel1.win32_1.1.100.202309141235/tools/bin/../lib/gcc/arm-none-eabi/11.3.1/../../../../arm-none-eabi/lib/thumb/v6-m/nofp\libc_nano.a
LOAD C:/ST/STM32CubeIDE_1.11.0/STM32CubeIDE/plugins/com.st.stm32cube.ide.mcu.externaltools.gnu-tools-for-stm32.11.3.rel1.win32_1.1.100.202309141235/tools/bin/../lib/gcc/arm-none-eabi/11.3.1/../../../../arm-none-eabi/lib/thumb/v6-m/nofp\libm.a
END GROUP
START GROUP
LOAD C:/ST/STM32CubeIDE_1.11.0/STM32CubeIDE/plugins/com.st.stm32cube.ide.mcu.externaltools.gnu-tools-for-stm32.11.3.rel1.win32_1.1.100.202309141235/tools/bin/../lib/gcc/arm-none-eabi/11.3.1/thumb/v6-m/nofp\libgcc.a
LOAD C:/ST/STM32CubeIDE_1.11.0/STM32CubeIDE/plugins/com.st.stm32cube.ide.mcu.externaltools.gnu-tools-for-stm32.11.3.rel1.win32_1.1.100.202309141235/tools/bin/../lib/gcc/arm-none-eabi/11.3.1/../../../../arm-none-eabi/lib/thumb/v6-m/nofp\libc_nano.a
END GROUP
START GROUP
LOAD C:/ST/STM32CubeIDE_1.11.0/STM32CubeIDE/plugins/com.st.stm32cube.ide.mcu.externaltools.gnu-tools-for-stm32.11.3.rel1.win32_1.1.100.202309141235/tools/bin/../lib/gcc/arm-none-eabi/11.3.1/thumb/v6-m/nofp\libgcc.a
LOAD C:/ST/STM32CubeIDE_1.11.0/STM32CubeIDE/plugins/com.st.stm32cube.ide.mcu.externaltools.gnu-tools-for-stm32.11.3.rel1.win32_1.1.100.202309141235/tools/bin/../lib/gcc/arm-none-eabi/11.3.1/../../../../arm-none-eabi/lib/thumb/v6-m/nofp\libc_nano.a
LOAD C:/ST/STM32CubeIDE_1.11.0/STM32CubeIDE/plugins/com.st.stm32cube.ide.mcu.externaltools.gnu-tools-for-stm32.11.3.rel1.win32_1.1.100.202309141235/tools/bin/../lib/gcc/arm-none-eabi/11.3.1/../../../../arm-none-eabi/lib/thumb/v6-m/nofp\libnosys.a
END GROUP
START GROUP
LOAD C:/ST/STM32CubeIDE_1.11.0/STM32CubeIDE/plugins/com.st.stm32cube.ide.mcu.externaltools.gnu-tools-for-stm32.11.3.rel1.win32_1.1.100.202309141235/tools/bin/../lib/gcc/arm-none-eabi/11.3.1/thumb/v6-m/nofp\libgcc.a
LOAD C:/ST/STM32CubeIDE_1.11.0/STM32CubeIDE/plugins/com.st.stm32cube.ide.mcu.externaltools.gnu-tools-for-stm32.11.3.rel1.win32_1.1.100.202309141235/tools/bin/../lib/gcc/arm-none-eabi/11.3.1/../../../../arm-none-eabi/lib/thumb/v6-m/nofp\libc_nano.a
LOAD C:/ST/STM32CubeIDE_1.11.0/STM32CubeIDE/plugins/com.st.stm32cube.ide.mcu.externaltools.gnu-tools-for-stm32.11.3.rel1.win32_1.1.100.202309141235/tools/bin/../lib/gcc/arm-none-eabi/11.3.1/../../../../arm-none-eabi/lib/thumb/v6-m/nofp\libnosys.a
END GROUP
LOAD C:/ST/STM32CubeIDE_1.11.0/STM32CubeIDE/plugins/com.st.stm32cube.ide.mcu.externaltools.gnu-tools-for-stm32.11.3.rel1.win32_1.1.100.202309141235/tools/bin/../lib/gcc/arm-none-eabi/11.3.1/thumb/v6-m/nofp/crtend.o
LOAD C:/ST/STM32CubeIDE_1.11.0/STM32CubeIDE/plugins/com.st.stm32cube.ide.mcu.externaltools.gnu-tools-for-stm32.11.3.rel1.win32_1.1.100.202309141235/tools/bin/../lib/gcc/arm-none-eabi/11.3.1/thumb/v6-m/nofp/crtn.o
                0x0000000020002000                _estack = (ORIGIN (RAM) + LENGTH (RAM))
                0x0000000000000200                _Min_Heap_Size = 0x200
                0x0000000000000400                _Min_Stack_Size = 0x400

.isr_vector     0x0000000008000000       0xb8
                0x0000000008000000                . = ALIGN (0x4)
 *(.isr_vector)
 .isr_vector    0x0000000008000000       0xb8 ./Core/Startup/startup_stm32g030c8tx.o
                0x0000000008000000                g_pfnVectors
                0x00000000080000b8                . = ALIGN (0x4)

.text           0x00000000080000b8     0x7870
                0x00000000080000b8                . = ALIGN (0x4)
 *(.text)
 .text          0x00000000080000b8       0x48 C:/ST/STM32CubeIDE_1.11.0/STM32CubeIDE/plugins/com.st.stm32cube.ide.mcu.externaltools.gnu-tools-for-stm32.11.3.rel1.win32_1.1.100.202309141235/tools/bin/../lib/gcc/arm-none-eabi/11.3.1/thumb/v6-m/nofp/crtbegin.o
 .text          0x0000000008000100       0x14 C:/ST/STM32CubeIDE_1.11.0/STM32CubeIDE/plugins/com.st.stm32cube.ide.mcu.externaltools.gnu-tools-for-stm32.11.3.rel1.win32_1.1.100.202309141235/tools/bin/../lib/gcc/arm-none-eabi/11.3.1/thumb/v6-m/nofp\libgcc.a(_thumb1_case_uqi.o)
                0x0000000008000100                __gnu_thumb1_case_uqi
 .text          0x0000000008000114      0x114 C:/ST/STM32CubeIDE_1.11.0/STM32CubeIDE/plugins/com.st.stm32cube.ide.mcu.externaltools.gnu-tools-for-stm32.11.3.rel1.win32_1.1.100.202309141235/tools/bin/../lib/gcc/arm-none-eabi/11.3.1/thumb/v6-m/nofp\libgcc.a(_udivsi3.o)
                0x0000000008000114                __aeabi_uidiv
                0x0000000008000114                __udivsi3
                0x0000000008000220                __aeabi_uidivmod
 .text          0x0000000008000228      0x1d4 C:/ST/STM32CubeIDE_1.11.0/STM32CubeIDE/plugins/com.st.stm32cube.ide.mcu.externaltools.gnu-tools-for-stm32.11.3.rel1.win32_1.1.100.202309141235/tools/bin/../lib/gcc/arm-none-eabi/11.3.1/thumb/v6-m/nofp\libgcc.a(_divsi3.o)
                0x0000000008000228                __divsi3
                0x0000000008000228                __aeabi_idiv
                0x00000000080003f4                __aeabi_idivmod
 .text          0x00000000080003fc        0x4 C:/ST/STM32CubeIDE_1.11.0/STM32CubeIDE/plugins/com.st.stm32cube.ide.mcu.externaltools.gnu-tools-for-stm32.11.3.rel1.win32_1.1.100.202309141235/tools/bin/../lib/gcc/arm-none-eabi/11.3.1/thumb/v6-m/nofp\libgcc.a(_dvmd_tls.o)
                0x00000000080003fc                __aeabi_idiv0
                0x00000000080003fc                __aeabi_ldiv0
 .text          0x0000000008000400       0x3c C:/ST/STM32CubeIDE_1.11.0/STM32CubeIDE/plugins/com.st.stm32cube.ide.mcu.externaltools.gnu-tools-for-stm32.11.3.rel1.win32_1.1.100.202309141235/tools/bin/../lib/gcc/arm-none-eabi/11.3.1/thumb/v6-m/nofp\libgcc.a(_fixunsdfsi.o)
                0x0000000008000400                __aeabi_d2uiz
                0x0000000008000400                __fixunsdfsi
 .text          0x000000000800043c      0x29c C:/ST/STM32CubeIDE_1.11.0/STM32CubeIDE/plugins/com.st.stm32cube.ide.mcu.externaltools.gnu-tools-for-stm32.11.3.rel1.win32_1.1.100.202309141235/tools/bin/../lib/gcc/arm-none-eabi/11.3.1/thumb/v6-m/nofp\libgcc.a(mulsf3.o)
                0x000000000800043c                __aeabi_fmul
 .text          0x00000000080006d8       0x90 C:/ST/STM32CubeIDE_1.11.0/STM32CubeIDE/plugins/com.st.stm32cube.ide.mcu.externaltools.gnu-tools-for-stm32.11.3.rel1.win32_1.1.100.202309141235/tools/bin/../lib/gcc/arm-none-eabi/11.3.1/thumb/v6-m/nofp\libgcc.a(floatunsisf.o)
                0x00000000080006d8                __aeabi_ui2f
 .text          0x0000000008000768      0x584 C:/ST/STM32CubeIDE_1.11.0/STM32CubeIDE/plugins/com.st.stm32cube.ide.mcu.externaltools.gnu-tools-for-stm32.11.3.rel1.win32_1.1.100.202309141235/tools/bin/../lib/gcc/arm-none-eabi/11.3.1/thumb/v6-m/nofp\libgcc.a(muldf3.o)
                0x0000000008000768                __aeabi_dmul
 .text          0x0000000008000cec      0x704 C:/ST/STM32CubeIDE_1.11.0/STM32CubeIDE/plugins/com.st.stm32cube.ide.mcu.externaltools.gnu-tools-for-stm32.11.3.rel1.win32_1.1.100.202309141235/tools/bin/../lib/gcc/arm-none-eabi/11.3.1/thumb/v6-m/nofp\libgcc.a(subdf3.o)
                0x0000000008000cec                __aeabi_dsub
 .text          0x00000000080013f0       0x6c C:/ST/STM32CubeIDE_1.11.0/STM32CubeIDE/plugins/com.st.stm32cube.ide.mcu.externaltools.gnu-tools-for-stm32.11.3.rel1.win32_1.1.100.202309141235/tools/bin/../lib/gcc/arm-none-eabi/11.3.1/thumb/v6-m/nofp\libgcc.a(fixdfsi.o)
                0x00000000080013f0                __aeabi_d2iz
 .text          0x000000000800145c       0x60 C:/ST/STM32CubeIDE_1.11.0/STM32CubeIDE/plugins/com.st.stm32cube.ide.mcu.externaltools.gnu-tools-for-stm32.11.3.rel1.win32_1.1.100.202309141235/tools/bin/../lib/gcc/arm-none-eabi/11.3.1/thumb/v6-m/nofp\libgcc.a(floatsidf.o)
                0x000000000800145c                __aeabi_i2d
 .text          0x00000000080014bc       0x4c C:/ST/STM32CubeIDE_1.11.0/STM32CubeIDE/plugins/com.st.stm32cube.ide.mcu.externaltools.gnu-tools-for-stm32.11.3.rel1.win32_1.1.100.202309141235/tools/bin/../lib/gcc/arm-none-eabi/11.3.1/thumb/v6-m/nofp\libgcc.a(floatunsidf.o)
                0x00000000080014bc                __aeabi_ui2d
 .text          0x0000000008001508       0x90 C:/ST/STM32CubeIDE_1.11.0/STM32CubeIDE/plugins/com.st.stm32cube.ide.mcu.externaltools.gnu-tools-for-stm32.11.3.rel1.win32_1.1.100.202309141235/tools/bin/../lib/gcc/arm-none-eabi/11.3.1/thumb/v6-m/nofp\libgcc.a(extendsfdf2.o)
                0x0000000008001508                __aeabi_f2d
 .text          0x0000000008001598      0x10c C:/ST/STM32CubeIDE_1.11.0/STM32CubeIDE/plugins/com.st.stm32cube.ide.mcu.externaltools.gnu-tools-for-stm32.11.3.rel1.win32_1.1.100.202309141235/tools/bin/../lib/gcc/arm-none-eabi/11.3.1/thumb/v6-m/nofp\libgcc.a(truncdfsf2.o)
                0x0000000008001598                __aeabi_d2f
 .text          0x00000000080016a4       0x7c C:/ST/STM32CubeIDE_1.11.0/STM32CubeIDE/plugins/com.st.stm32cube.ide.mcu.externaltools.gnu-tools-for-stm32.11.3.rel1.win32_1.1.100.202309141235/tools/bin/../lib/gcc/arm-none-eabi/11.3.1/thumb/v6-m/nofp\libgcc.a(_arm_cmpdf2.o)
                0x00000000080016a4                __aeabi_cdrcmple
                0x00000000080016b4                __aeabi_cdcmple
                0x00000000080016b4                __aeabi_cdcmpeq
                0x00000000080016c4                __aeabi_dcmpeq
                0x00000000080016d0                __aeabi_dcmplt
                0x00000000080016e4                __aeabi_dcmple
                0x00000000080016f8                __aeabi_dcmpgt
                0x000000000800170c                __aeabi_dcmpge
 .text          0x0000000008001720       0x3c C:/ST/STM32CubeIDE_1.11.0/STM32CubeIDE/plugins/com.st.stm32cube.ide.mcu.externaltools.gnu-tools-for-stm32.11.3.rel1.win32_1.1.100.202309141235/tools/bin/../lib/gcc/arm-none-eabi/11.3.1/thumb/v6-m/nofp\libgcc.a(_clzsi2.o)
                0x0000000008001720                __clzsi2
 .text          0x000000000800175c       0x84 C:/ST/STM32CubeIDE_1.11.0/STM32CubeIDE/plugins/com.st.stm32cube.ide.mcu.externaltools.gnu-tools-for-stm32.11.3.rel1.win32_1.1.100.202309141235/tools/bin/../lib/gcc/arm-none-eabi/11.3.1/thumb/v6-m/nofp\libgcc.a(eqdf2.o)
                0x000000000800175c                __nedf2
                0x000000000800175c                __eqdf2
 .text          0x00000000080017e0       0xcc C:/ST/STM32CubeIDE_1.11.0/STM32CubeIDE/plugins/com.st.stm32cube.ide.mcu.externaltools.gnu-tools-for-stm32.11.3.rel1.win32_1.1.100.202309141235/tools/bin/../lib/gcc/arm-none-eabi/11.3.1/thumb/v6-m/nofp\libgcc.a(gedf2.o)
                0x00000000080017e0                __gedf2
                0x00000000080017e0                __gtdf2
 .text          0x00000000080018ac       0xc8 C:/ST/STM32CubeIDE_1.11.0/STM32CubeIDE/plugins/com.st.stm32cube.ide.mcu.externaltools.gnu-tools-for-stm32.11.3.rel1.win32_1.1.100.202309141235/tools/bin/../lib/gcc/arm-none-eabi/11.3.1/thumb/v6-m/nofp\libgcc.a(ledf2.o)
                0x00000000080018ac                __ledf2
                0x00000000080018ac                __ltdf2
 *(.text*)
 .text.prev_ppm_
                0x0000000008001974       0x24 ./Core/Src/app_main.o
 .text.rtc_set_alarm
                0x0000000008001998      0x104 ./Core/Src/app_main.o
 .text.app_main
                0x0000000008001a9c      0x1e4 ./Core/Src/app_main.o
                0x0000000008001a9c                app_main
 .text.HAL_UART_RxCpltCallback
                0x0000000008001c80       0x28 ./Core/Src/app_main.o
                0x0000000008001c80                HAL_UART_RxCpltCallback
 .text.HAL_RTC_AlarmAEventCallback
                0x0000000008001ca8       0x20 ./Core/Src/app_main.o
                0x0000000008001ca8                HAL_RTC_AlarmAEventCallback
 .text.SystemClock_Config
                0x0000000008001cc8       0x78 ./Core/Src/main.o
                0x0000000008001cc8                SystemClock_Config
 .text.startup.main
                0x0000000008001d40      0x468 ./Core/Src/main.o
                0x0000000008001d40                main
 .text.Error_Handler
                0x00000000080021a8        0x4 ./Core/Src/main.o
                0x00000000080021a8                Error_Handler
 .text.HAL_MspInit
                0x00000000080021ac       0x30 ./Core/Src/stm32g0xx_hal_msp.o
                0x00000000080021ac                HAL_MspInit
 .text.HAL_ADC_MspInit
                0x00000000080021dc       0x58 ./Core/Src/stm32g0xx_hal_msp.o
                0x00000000080021dc                HAL_ADC_MspInit
 .text.HAL_I2C_MspInit
                0x0000000008002234       0x64 ./Core/Src/stm32g0xx_hal_msp.o
                0x0000000008002234                HAL_I2C_MspInit
 .text.HAL_RTC_MspInit
                0x0000000008002298       0x6c ./Core/Src/stm32g0xx_hal_msp.o
                0x0000000008002298                HAL_RTC_MspInit
 .text.HAL_SPI_MspInit
                0x0000000008002304       0x94 ./Core/Src/stm32g0xx_hal_msp.o
                0x0000000008002304                HAL_SPI_MspInit
 .text.HAL_TIM_Base_MspInit
                0x0000000008002398       0x48 ./Core/Src/stm32g0xx_hal_msp.o
                0x0000000008002398                HAL_TIM_Base_MspInit
 .text.HAL_TIM_MspPostInit
                0x00000000080023e0       0x74 ./Core/Src/stm32g0xx_hal_msp.o
                0x00000000080023e0                HAL_TIM_MspPostInit
 .text.HAL_UART_MspInit
                0x0000000008002454       0xc8 ./Core/Src/stm32g0xx_hal_msp.o
                0x0000000008002454                HAL_UART_MspInit
 .text.NMI_Handler
                0x000000000800251c        0x2 ./Core/Src/stm32g0xx_it.o
                0x000000000800251c                NMI_Handler
 .text.HardFault_Handler
                0x000000000800251e        0x2 ./Core/Src/stm32g0xx_it.o
                0x000000000800251e                HardFault_Handler
 .text.SVC_Handler
                0x0000000008002520        0x2 ./Core/Src/stm32g0xx_it.o
                0x0000000008002520                SVC_Handler
 .text.PendSV_Handler
                0x0000000008002522        0x2 ./Core/Src/stm32g0xx_it.o
                0x0000000008002522                PendSV_Handler
 .text.SysTick_Handler
                0x0000000008002524        0xc ./Core/Src/stm32g0xx_it.o
                0x0000000008002524                SysTick_Handler
 .text.RTC_TAMP_IRQHandler
                0x0000000008002530       0x10 ./Core/Src/stm32g0xx_it.o
                0x0000000008002530                RTC_TAMP_IRQHandler
 .text.DMA1_Channel1_IRQHandler
                0x0000000008002540       0x10 ./Core/Src/stm32g0xx_it.o
                0x0000000008002540                DMA1_Channel1_IRQHandler
 .text.DMA1_Channel2_3_IRQHandler
                0x0000000008002550       0x10 ./Core/Src/stm32g0xx_it.o
                0x0000000008002550                DMA1_Channel2_3_IRQHandler
 .text.USART1_IRQHandler
                0x0000000008002560       0x10 ./Core/Src/stm32g0xx_it.o
                0x0000000008002560                USART1_IRQHandler
 .text.SystemInit
                0x0000000008002570        0x2 ./Core/Src/system_stm32g0xx.o
                0x0000000008002570                SystemInit
 *fill*         0x0000000008002572        0x2 
 .text.Reset_Handler
                0x0000000008002574       0x50 ./Core/Startup/startup_stm32g030c8tx.o
                0x0000000008002574                Reset_Handler
 .text.Default_Handler
                0x00000000080025c4        0x2 ./Core/Startup/startup_stm32g030c8tx.o
                0x00000000080025c4                TIM1_CC_IRQHandler
                0x00000000080025c4                I2C1_IRQHandler
                0x00000000080025c4                SPI1_IRQHandler
                0x00000000080025c4                DMA1_Ch4_5_DMAMUX1_OVR_IRQHandler
                0x00000000080025c4                EXTI2_3_IRQHandler
                0x00000000080025c4                ADC1_IRQHandler
                0x00000000080025c4                I2C2_IRQHandler
                0x00000000080025c4                TIM17_IRQHandler
                0x00000000080025c4                TIM16_IRQHandler
                0x00000000080025c4                TIM3_IRQHandler
                0x00000000080025c4                EXTI4_15_IRQHandler
                0x00000000080025c4                RCC_IRQHandler
                0x00000000080025c4                Default_Handler
                0x00000000080025c4                TIM14_IRQHandler
                0x00000000080025c4                EXTI0_1_IRQHandler
                0x00000000080025c4                SPI2_IRQHandler
                0x00000000080025c4                WWDG_IRQHandler
                0x00000000080025c4                USART2_IRQHandler
                0x00000000080025c4                FLASH_IRQHandler
                0x00000000080025c4                TIM1_BRK_UP_TRG_COM_IRQHandler
 *fill*         0x00000000080025c6        0x2 
 .text.HAL_InitTick
                0x00000000080025c8       0x50 ./Drivers/STM32G0xx_HAL_Driver/Src/stm32g0xx_hal.o
                0x00000000080025c8                HAL_InitTick
 .text.HAL_Init
                0x0000000008002618       0x28 ./Drivers/STM32G0xx_HAL_Driver/Src/stm32g0xx_hal.o
                0x0000000008002618                HAL_Init
 .text.HAL_IncTick
                0x0000000008002640       0x18 ./Drivers/STM32G0xx_HAL_Driver/Src/stm32g0xx_hal.o
                0x0000000008002640                HAL_IncTick
 .text.HAL_GetTick
                0x0000000008002658        0xc ./Drivers/STM32G0xx_HAL_Driver/Src/stm32g0xx_hal.o
                0x0000000008002658                HAL_GetTick
 .text.HAL_Delay
                0x0000000008002664       0x24 ./Drivers/STM32G0xx_HAL_Driver/Src/stm32g0xx_hal.o
                0x0000000008002664                HAL_Delay
 .text.LL_ADC_REG_IsConversionOngoing
                0x0000000008002688        0x8 ./Drivers/STM32G0xx_HAL_Driver/Src/stm32g0xx_hal_adc.o
 .text.HAL_ADC_Init
                0x0000000008002690      0x224 ./Drivers/STM32G0xx_HAL_Driver/Src/stm32g0xx_hal_adc.o
                0x0000000008002690                HAL_ADC_Init
 .text.HAL_ADC_PollForConversion
                0x00000000080028b4       0xc8 ./Drivers/STM32G0xx_HAL_Driver/Src/stm32g0xx_hal_adc.o
                0x00000000080028b4                HAL_ADC_PollForConversion
 .text.HAL_ADC_GetValue
                0x000000000800297c        0x6 ./Drivers/STM32G0xx_HAL_Driver/Src/stm32g0xx_hal_adc.o
                0x000000000800297c                HAL_ADC_GetValue
 *fill*         0x0000000008002982        0x2 
 .text.HAL_ADC_ConfigChannel
                0x0000000008002984      0x230 ./Drivers/STM32G0xx_HAL_Driver/Src/stm32g0xx_hal_adc.o
                0x0000000008002984                HAL_ADC_ConfigChannel
 .text.ADC_ConversionStop
                0x0000000008002bb4       0x60 ./Drivers/STM32G0xx_HAL_Driver/Src/stm32g0xx_hal_adc.o
                0x0000000008002bb4                ADC_ConversionStop
 .text.ADC_Enable
                0x0000000008002c14       0xb8 ./Drivers/STM32G0xx_HAL_Driver/Src/stm32g0xx_hal_adc.o
                0x0000000008002c14                ADC_Enable
 .text.HAL_ADC_Start
                0x0000000008002ccc       0x5c ./Drivers/STM32G0xx_HAL_Driver/Src/stm32g0xx_hal_adc.o
                0x0000000008002ccc                HAL_ADC_Start
 .text.ADC_Disable
                0x0000000008002d28       0x78 ./Drivers/STM32G0xx_HAL_Driver/Src/stm32g0xx_hal_adc.o
                0x0000000008002d28                ADC_Disable
 .text.HAL_ADC_Stop
                0x0000000008002da0       0x3c ./Drivers/STM32G0xx_HAL_Driver/Src/stm32g0xx_hal_adc.o
                0x0000000008002da0                HAL_ADC_Stop
 .text.HAL_NVIC_SetPriority
                0x0000000008002ddc       0x54 ./Drivers/STM32G0xx_HAL_Driver/Src/stm32g0xx_hal_cortex.o
                0x0000000008002ddc                HAL_NVIC_SetPriority
 .text.HAL_NVIC_EnableIRQ
                0x0000000008002e30       0x18 ./Drivers/STM32G0xx_HAL_Driver/Src/stm32g0xx_hal_cortex.o
                0x0000000008002e30                HAL_NVIC_EnableIRQ
 .text.HAL_SYSTICK_Config
                0x0000000008002e48       0x34 ./Drivers/STM32G0xx_HAL_Driver/Src/stm32g0xx_hal_cortex.o
                0x0000000008002e48                HAL_SYSTICK_Config
 .text.DMA_SetConfig
                0x0000000008002e7c       0x40 ./Drivers/STM32G0xx_HAL_Driver/Src/stm32g0xx_hal_dma.o
 .text.DMA_CalcDMAMUXChannelBaseAndMask
                0x0000000008002ebc       0x34 ./Drivers/STM32G0xx_HAL_Driver/Src/stm32g0xx_hal_dma.o
 .text.HAL_DMA_Init
                0x0000000008002ef0       0xb8 ./Drivers/STM32G0xx_HAL_Driver/Src/stm32g0xx_hal_dma.o
                0x0000000008002ef0                HAL_DMA_Init
 .text.HAL_DMA_Start_IT
                0x0000000008002fa8       0x90 ./Drivers/STM32G0xx_HAL_Driver/Src/stm32g0xx_hal_dma.o
                0x0000000008002fa8                HAL_DMA_Start_IT
 .text.HAL_DMA_Abort
                0x0000000008003038       0x78 ./Drivers/STM32G0xx_HAL_Driver/Src/stm32g0xx_hal_dma.o
                0x0000000008003038                HAL_DMA_Abort
 .text.HAL_DMA_Abort_IT
                0x00000000080030b0       0x78 ./Drivers/STM32G0xx_HAL_Driver/Src/stm32g0xx_hal_dma.o
                0x00000000080030b0                HAL_DMA_Abort_IT
 .text.HAL_DMA_IRQHandler
                0x0000000008003128       0xa8 ./Drivers/STM32G0xx_HAL_Driver/Src/stm32g0xx_hal_dma.o
                0x0000000008003128                HAL_DMA_IRQHandler
 .text.HAL_DMA_GetState
                0x00000000080031d0        0x8 ./Drivers/STM32G0xx_HAL_Driver/Src/stm32g0xx_hal_dma.o
                0x00000000080031d0                HAL_DMA_GetState
 .text.HAL_GPIO_Init
                0x00000000080031d8      0x164 ./Drivers/STM32G0xx_HAL_Driver/Src/stm32g0xx_hal_gpio.o
                0x00000000080031d8                HAL_GPIO_Init
 .text.HAL_GPIO_ReadPin
                0x000000000800333c        0xc ./Drivers/STM32G0xx_HAL_Driver/Src/stm32g0xx_hal_gpio.o
                0x000000000800333c                HAL_GPIO_ReadPin
 .text.HAL_GPIO_WritePin
                0x0000000008003348        0xc ./Drivers/STM32G0xx_HAL_Driver/Src/stm32g0xx_hal_gpio.o
                0x0000000008003348                HAL_GPIO_WritePin
 .text.I2C_Flush_TXDR
                0x0000000008003354       0x1c ./Drivers/STM32G0xx_HAL_Driver/Src/stm32g0xx_hal_i2c.o
 .text.I2C_TransferConfig
                0x0000000008003370       0x2c ./Drivers/STM32G0xx_HAL_Driver/Src/stm32g0xx_hal_i2c.o
 .text.I2C_IsErrorOccurred
                0x000000000800339c      0x104 ./Drivers/STM32G0xx_HAL_Driver/Src/stm32g0xx_hal_i2c.o
 .text.I2C_WaitOnTXISFlagUntilTimeout
                0x00000000080034a0       0x5a ./Drivers/STM32G0xx_HAL_Driver/Src/stm32g0xx_hal_i2c.o
 .text.I2C_WaitOnFlagUntilTimeout
                0x00000000080034fa       0x6e ./Drivers/STM32G0xx_HAL_Driver/Src/stm32g0xx_hal_i2c.o
 .text.I2C_WaitOnSTOPFlagUntilTimeout
                0x0000000008003568       0x54 ./Drivers/STM32G0xx_HAL_Driver/Src/stm32g0xx_hal_i2c.o
 .text.I2C_WaitOnRXNEFlagUntilTimeout
                0x00000000080035bc       0xa4 ./Drivers/STM32G0xx_HAL_Driver/Src/stm32g0xx_hal_i2c.o
 .text.HAL_I2C_Init
                0x0000000008003660       0xbc ./Drivers/STM32G0xx_HAL_Driver/Src/stm32g0xx_hal_i2c.o
                0x0000000008003660                HAL_I2C_Init
 .text.HAL_I2C_Master_Transmit
                0x000000000800371c      0x150 ./Drivers/STM32G0xx_HAL_Driver/Src/stm32g0xx_hal_i2c.o
                0x000000000800371c                HAL_I2C_Master_Transmit
 .text.HAL_I2C_Master_Receive
                0x000000000800386c      0x124 ./Drivers/STM32G0xx_HAL_Driver/Src/stm32g0xx_hal_i2c.o
                0x000000000800386c                HAL_I2C_Master_Receive
 .text.HAL_I2C_Mem_Read
                0x0000000008003990      0x1cc ./Drivers/STM32G0xx_HAL_Driver/Src/stm32g0xx_hal_i2c.o
                0x0000000008003990                HAL_I2C_Mem_Read
 .text.HAL_I2CEx_ConfigAnalogFilter
                0x0000000008003b5c       0x4c ./Drivers/STM32G0xx_HAL_Driver/Src/stm32g0xx_hal_i2c_ex.o
                0x0000000008003b5c                HAL_I2CEx_ConfigAnalogFilter
 .text.HAL_I2CEx_ConfigDigitalFilter
                0x0000000008003ba8       0x48 ./Drivers/STM32G0xx_HAL_Driver/Src/stm32g0xx_hal_i2c_ex.o
                0x0000000008003ba8                HAL_I2CEx_ConfigDigitalFilter
 .text.HAL_PWREx_ControlVoltageScaling
                0x0000000008003bf0       0x58 ./Drivers/STM32G0xx_HAL_Driver/Src/stm32g0xx_hal_pwr_ex.o
                0x0000000008003bf0                HAL_PWREx_ControlVoltageScaling
 .text.HAL_RCC_OscConfig
                0x0000000008003c48      0x434 ./Drivers/STM32G0xx_HAL_Driver/Src/stm32g0xx_hal_rcc.o
                0x0000000008003c48                HAL_RCC_OscConfig
 .text.HAL_RCC_GetSysClockFreq
                0x000000000800407c       0x88 ./Drivers/STM32G0xx_HAL_Driver/Src/stm32g0xx_hal_rcc.o
                0x000000000800407c                HAL_RCC_GetSysClockFreq
 .text.HAL_RCC_ClockConfig
                0x0000000008004104      0x15c ./Drivers/STM32G0xx_HAL_Driver/Src/stm32g0xx_hal_rcc.o
                0x0000000008004104                HAL_RCC_ClockConfig
 .text.HAL_RCC_GetPCLK1Freq
                0x0000000008004260       0x28 ./Drivers/STM32G0xx_HAL_Driver/Src/stm32g0xx_hal_rcc.o
                0x0000000008004260                HAL_RCC_GetPCLK1Freq
 .text.HAL_RCCEx_PeriphCLKConfig
                0x0000000008004288      0x154 ./Drivers/STM32G0xx_HAL_Driver/Src/stm32g0xx_hal_rcc_ex.o
                0x0000000008004288                HAL_RCCEx_PeriphCLKConfig
 .text.HAL_RTC_AlarmIRQHandler
                0x00000000080043dc       0x42 ./Drivers/STM32G0xx_HAL_Driver/Src/stm32g0xx_hal_rtc.o
                0x00000000080043dc                HAL_RTC_AlarmIRQHandler
 *fill*         0x000000000800441e        0x2 
 .text.HAL_RTC_WaitForSynchro
                0x0000000008004420       0x34 ./Drivers/STM32G0xx_HAL_Driver/Src/stm32g0xx_hal_rtc.o
                0x0000000008004420                HAL_RTC_WaitForSynchro
 .text.RTC_EnterInitMode
                0x0000000008004454       0x48 ./Drivers/STM32G0xx_HAL_Driver/Src/stm32g0xx_hal_rtc.o
                0x0000000008004454                RTC_EnterInitMode
 .text.RTC_ExitInitMode
                0x000000000800449c       0x48 ./Drivers/STM32G0xx_HAL_Driver/Src/stm32g0xx_hal_rtc.o
                0x000000000800449c                RTC_ExitInitMode
 .text.HAL_RTC_Init
                0x00000000080044e4       0xac ./Drivers/STM32G0xx_HAL_Driver/Src/stm32g0xx_hal_rtc.o
                0x00000000080044e4                HAL_RTC_Init
 .text.RTC_ByteToBcd2
                0x0000000008004590       0x16 ./Drivers/STM32G0xx_HAL_Driver/Src/stm32g0xx_hal_rtc.o
                0x0000000008004590                RTC_ByteToBcd2
 *fill*         0x00000000080045a6        0x2 
 .text.HAL_RTC_SetAlarm_IT
                0x00000000080045a8      0x1a0 ./Drivers/STM32G0xx_HAL_Driver/Src/stm32g0xx_hal_rtc.o
                0x00000000080045a8                HAL_RTC_SetAlarm_IT
 .text.RTC_Bcd2ToByte
                0x0000000008004748       0x12 ./Drivers/STM32G0xx_HAL_Driver/Src/stm32g0xx_hal_rtc.o
                0x0000000008004748                RTC_Bcd2ToByte
 *fill*         0x000000000800475a        0x2 
 .text.HAL_RTC_GetTime
                0x000000000800475c       0x50 ./Drivers/STM32G0xx_HAL_Driver/Src/stm32g0xx_hal_rtc.o
                0x000000000800475c                HAL_RTC_GetTime
 .text.HAL_RTC_GetDate
                0x00000000080047ac       0x44 ./Drivers/STM32G0xx_HAL_Driver/Src/stm32g0xx_hal_rtc.o
                0x00000000080047ac                HAL_RTC_GetDate
 .text.HAL_RTCEx_AlarmBEventCallback
                0x00000000080047f0        0x2 ./Drivers/STM32G0xx_HAL_Driver/Src/stm32g0xx_hal_rtc_ex.o
                0x00000000080047f0                HAL_RTCEx_AlarmBEventCallback
 *fill*         0x00000000080047f2        0x2 
 .text.SPI_WaitFifoStateUntilTimeout.constprop.0
                0x00000000080047f4       0xd8 ./Drivers/STM32G0xx_HAL_Driver/Src/stm32g0xx_hal_spi.o
 .text.SPI_WaitFlagStateUntilTimeout.constprop.0
                0x00000000080048cc       0xb8 ./Drivers/STM32G0xx_HAL_Driver/Src/stm32g0xx_hal_spi.o
 .text.SPI_EndRxTxTransaction
                0x0000000008004984       0x46 ./Drivers/STM32G0xx_HAL_Driver/Src/stm32g0xx_hal_spi.o
 *fill*         0x00000000080049ca        0x2 
 .text.HAL_SPI_Init
                0x00000000080049cc       0xf0 ./Drivers/STM32G0xx_HAL_Driver/Src/stm32g0xx_hal_spi.o
                0x00000000080049cc                HAL_SPI_Init
 .text.HAL_SPI_Transmit
                0x0000000008004abc      0x18a ./Drivers/STM32G0xx_HAL_Driver/Src/stm32g0xx_hal_spi.o
                0x0000000008004abc                HAL_SPI_Transmit
 *fill*         0x0000000008004c46        0x2 
 .text.HAL_SPI_Transmit_DMA
                0x0000000008004c48      0x110 ./Drivers/STM32G0xx_HAL_Driver/Src/stm32g0xx_hal_spi.o
                0x0000000008004c48                HAL_SPI_Transmit_DMA
 .text.HAL_SPI_TxCpltCallback
                0x0000000008004d58        0x2 ./Drivers/STM32G0xx_HAL_Driver/Src/stm32g0xx_hal_spi.o
                0x0000000008004d58                HAL_SPI_TxCpltCallback
 .text.HAL_SPI_TxHalfCpltCallback
                0x0000000008004d5a        0x2 ./Drivers/STM32G0xx_HAL_Driver/Src/stm32g0xx_hal_spi.o
                0x0000000008004d5a                HAL_SPI_TxHalfCpltCallback
 .text.SPI_DMAHalfTransmitCplt
                0x0000000008004d5c        0xa ./Drivers/STM32G0xx_HAL_Driver/Src/stm32g0xx_hal_spi.o
 .text.HAL_SPI_ErrorCallback
                0x0000000008004d66        0x2 ./Drivers/STM32G0xx_HAL_Driver/Src/stm32g0xx_hal_spi.o
                0x0000000008004d66                HAL_SPI_ErrorCallback
 .text.SPI_DMAError
                0x0000000008004d68       0x24 ./Drivers/STM32G0xx_HAL_Driver/Src/stm32g0xx_hal_spi.o
 .text.SPI_DMATransmitCplt
                0x0000000008004d8c       0x6e ./Drivers/STM32G0xx_HAL_Driver/Src/stm32g0xx_hal_spi.o
 *fill*         0x0000000008004dfa        0x2 
 .text.TIM_OC1_SetConfig
                0x0000000008004dfc       0x7c ./Drivers/STM32G0xx_HAL_Driver/Src/stm32g0xx_hal_tim.o
 .text.TIM_OC3_SetConfig
                0x0000000008004e78       0x84 ./Drivers/STM32G0xx_HAL_Driver/Src/stm32g0xx_hal_tim.o
 .text.TIM_OC4_SetConfig
                0x0000000008004efc       0x68 ./Drivers/STM32G0xx_HAL_Driver/Src/stm32g0xx_hal_tim.o
 .text.TIM_OC5_SetConfig
                0x0000000008004f64       0x60 ./Drivers/STM32G0xx_HAL_Driver/Src/stm32g0xx_hal_tim.o
 .text.TIM_OC6_SetConfig
                0x0000000008004fc4       0x68 ./Drivers/STM32G0xx_HAL_Driver/Src/stm32g0xx_hal_tim.o
 .text.HAL_TIM_PWM_MspInit
                0x000000000800502c        0x2 ./Drivers/STM32G0xx_HAL_Driver/Src/stm32g0xx_hal_tim.o
                0x000000000800502c                HAL_TIM_PWM_MspInit
 *fill*         0x000000000800502e        0x2 
 .text.TIM_Base_SetConfig
                0x0000000008005030       0x8c ./Drivers/STM32G0xx_HAL_Driver/Src/stm32g0xx_hal_tim.o
                0x0000000008005030                TIM_Base_SetConfig
 .text.HAL_TIM_Base_Init
                0x00000000080050bc       0x54 ./Drivers/STM32G0xx_HAL_Driver/Src/stm32g0xx_hal_tim.o
                0x00000000080050bc                HAL_TIM_Base_Init
 .text.HAL_TIM_PWM_Init
                0x0000000008005110       0x54 ./Drivers/STM32G0xx_HAL_Driver/Src/stm32g0xx_hal_tim.o
                0x0000000008005110                HAL_TIM_PWM_Init
 .text.TIM_OC2_SetConfig
                0x0000000008005164       0x78 ./Drivers/STM32G0xx_HAL_Driver/Src/stm32g0xx_hal_tim.o
                0x0000000008005164                TIM_OC2_SetConfig
 .text.HAL_TIM_PWM_ConfigChannel
                0x00000000080051dc      0x110 ./Drivers/STM32G0xx_HAL_Driver/Src/stm32g0xx_hal_tim.o
                0x00000000080051dc                HAL_TIM_PWM_ConfigChannel
 .text.TIM_ETR_SetConfig
                0x00000000080052ec       0x18 ./Drivers/STM32G0xx_HAL_Driver/Src/stm32g0xx_hal_tim.o
                0x00000000080052ec                TIM_ETR_SetConfig
 .text.HAL_TIM_ConfigClockSource
                0x0000000008005304      0x138 ./Drivers/STM32G0xx_HAL_Driver/Src/stm32g0xx_hal_tim.o
                0x0000000008005304                HAL_TIM_ConfigClockSource
 .text.TIM_CCxChannelCmd
                0x000000000800543c       0x1a ./Drivers/STM32G0xx_HAL_Driver/Src/stm32g0xx_hal_tim.o
                0x000000000800543c                TIM_CCxChannelCmd
 *fill*         0x0000000008005456        0x2 
 .text.HAL_TIM_OC_Start
                0x0000000008005458      0x118 ./Drivers/STM32G0xx_HAL_Driver/Src/stm32g0xx_hal_tim.o
                0x0000000008005458                HAL_TIM_OC_Start
 .text.HAL_TIM_PWM_Start
                0x0000000008005570        0x8 ./Drivers/STM32G0xx_HAL_Driver/Src/stm32g0xx_hal_tim.o
                0x0000000008005570                HAL_TIM_PWM_Start
 .text.HAL_TIMEx_MasterConfigSynchronization
                0x0000000008005578       0x60 ./Drivers/STM32G0xx_HAL_Driver/Src/stm32g0xx_hal_tim_ex.o
                0x0000000008005578                HAL_TIMEx_MasterConfigSynchronization
 .text.HAL_TIMEx_ConfigBreakDeadTime
                0x00000000080055d8       0xbc ./Drivers/STM32G0xx_HAL_Driver/Src/stm32g0xx_hal_tim_ex.o
                0x00000000080055d8                HAL_TIMEx_ConfigBreakDeadTime
 .text.UART_EndTxTransfer
                0x0000000008005694       0x3c ./Drivers/STM32G0xx_HAL_Driver/Src/stm32g0xx_hal_uart.o
 .text.UART_EndRxTransfer
                0x00000000080056d0       0x64 ./Drivers/STM32G0xx_HAL_Driver/Src/stm32g0xx_hal_uart.o
 .text.HAL_UART_TxCpltCallback
                0x0000000008005734        0x2 ./Drivers/STM32G0xx_HAL_Driver/Src/stm32g0xx_hal_uart.o
                0x0000000008005734                HAL_UART_TxCpltCallback
 .text.HAL_UART_RxHalfCpltCallback
                0x0000000008005736        0x2 ./Drivers/STM32G0xx_HAL_Driver/Src/stm32g0xx_hal_uart.o
                0x0000000008005736                HAL_UART_RxHalfCpltCallback
 .text.HAL_UART_ErrorCallback
                0x0000000008005738        0x2 ./Drivers/STM32G0xx_HAL_Driver/Src/stm32g0xx_hal_uart.o
                0x0000000008005738                HAL_UART_ErrorCallback
 .text.UART_DMAError
                0x000000000800573a       0x54 ./Drivers/STM32G0xx_HAL_Driver/Src/stm32g0xx_hal_uart.o
 .text.UART_DMAAbortOnError
                0x000000000800578e       0x16 ./Drivers/STM32G0xx_HAL_Driver/Src/stm32g0xx_hal_uart.o
 .text.HAL_UARTEx_RxEventCallback
                0x00000000080057a4        0x2 ./Drivers/STM32G0xx_HAL_Driver/Src/stm32g0xx_hal_uart.o
                0x00000000080057a4                HAL_UARTEx_RxEventCallback
 *fill*         0x00000000080057a6        0x2 
 .text.HAL_UART_IRQHandler
                0x00000000080057a8      0x33c ./Drivers/STM32G0xx_HAL_Driver/Src/stm32g0xx_hal_uart.o
                0x00000000080057a8                HAL_UART_IRQHandler
 .text.UART_DMARxHalfCplt
                0x0000000008005ae4       0x22 ./Drivers/STM32G0xx_HAL_Driver/Src/stm32g0xx_hal_uart.o
 *fill*         0x0000000008005b06        0x2 
 .text.UART_DMAReceiveCplt
                0x0000000008005b08       0xa0 ./Drivers/STM32G0xx_HAL_Driver/Src/stm32g0xx_hal_uart.o
 .text.UART_SetConfig
                0x0000000008005ba8      0x164 ./Drivers/STM32G0xx_HAL_Driver/Src/stm32g0xx_hal_uart.o
                0x0000000008005ba8                UART_SetConfig
 .text.UART_AdvFeatureConfig
                0x0000000008005d0c       0xd0 ./Drivers/STM32G0xx_HAL_Driver/Src/stm32g0xx_hal_uart.o
                0x0000000008005d0c                UART_AdvFeatureConfig
 .text.UART_WaitOnFlagUntilTimeout
                0x0000000008005ddc       0x94 ./Drivers/STM32G0xx_HAL_Driver/Src/stm32g0xx_hal_uart.o
                0x0000000008005ddc                UART_WaitOnFlagUntilTimeout
 .text.UART_CheckIdleState
                0x0000000008005e70       0xc8 ./Drivers/STM32G0xx_HAL_Driver/Src/stm32g0xx_hal_uart.o
                0x0000000008005e70                UART_CheckIdleState
 .text.HAL_UART_Init
                0x0000000008005f38       0x68 ./Drivers/STM32G0xx_HAL_Driver/Src/stm32g0xx_hal_uart.o
                0x0000000008005f38                HAL_UART_Init
 .text.UART_Start_Receive_DMA
                0x0000000008005fa0       0xac ./Drivers/STM32G0xx_HAL_Driver/Src/stm32g0xx_hal_uart.o
                0x0000000008005fa0                UART_Start_Receive_DMA
 .text.HAL_UART_Receive_DMA
                0x000000000800604c       0x5c ./Drivers/STM32G0xx_HAL_Driver/Src/stm32g0xx_hal_uart.o
                0x000000000800604c                HAL_UART_Receive_DMA
 .text.UARTEx_SetNbDataToProcess
                0x00000000080060a8       0x50 ./Drivers/STM32G0xx_HAL_Driver/Src/stm32g0xx_hal_uart_ex.o
 .text.HAL_UARTEx_WakeupCallback
                0x00000000080060f8        0x2 ./Drivers/STM32G0xx_HAL_Driver/Src/stm32g0xx_hal_uart_ex.o
                0x00000000080060f8                HAL_UARTEx_WakeupCallback
 .text.HAL_UARTEx_RxFifoFullCallback
                0x00000000080060fa        0x2 ./Drivers/STM32G0xx_HAL_Driver/Src/stm32g0xx_hal_uart_ex.o
                0x00000000080060fa                HAL_UARTEx_RxFifoFullCallback
 .text.HAL_UARTEx_TxFifoEmptyCallback
                0x00000000080060fc        0x2 ./Drivers/STM32G0xx_HAL_Driver/Src/stm32g0xx_hal_uart_ex.o
                0x00000000080060fc                HAL_UARTEx_TxFifoEmptyCallback
 *fill*         0x00000000080060fe        0x2 
 .text.HAL_UARTEx_DisableFifoMode
                0x0000000008006100       0x3c ./Drivers/STM32G0xx_HAL_Driver/Src/stm32g0xx_hal_uart_ex.o
                0x0000000008006100                HAL_UARTEx_DisableFifoMode
 .text.HAL_UARTEx_SetTxFifoThreshold
                0x000000000800613c       0x40 ./Drivers/STM32G0xx_HAL_Driver/Src/stm32g0xx_hal_uart_ex.o
                0x000000000800613c                HAL_UARTEx_SetTxFifoThreshold
 .text.HAL_UARTEx_SetRxFifoThreshold
                0x000000000800617c       0x44 ./Drivers/STM32G0xx_HAL_Driver/Src/stm32g0xx_hal_uart_ex.o
                0x000000000800617c                HAL_UARTEx_SetRxFifoThreshold
 .text.AHT20_Init
                0x00000000080061c0        0xc ./Libs/AHT20.o
                0x00000000080061c0                AHT20_Init
 .text.AHT20_Measure
                0x00000000080061cc       0xa0 ./Libs/AHT20.o
                0x00000000080061cc                AHT20_Measure
 .text.AHT20_Temp
                0x000000000800626c       0x40 ./Libs/AHT20.o
                0x000000000800626c                AHT20_Temp
 .text.AHT20_Humid
                0x00000000080062ac       0x34 ./Libs/AHT20.o
                0x00000000080062ac                AHT20_Humid
 .text.usb_deviceID
                0x00000000080062e0       0x44 ./Libs/USB_driver.o
                0x00000000080062e0                usb_deviceID
 .text.button_query
                0x0000000008006324       0xd4 ./Libs/button.o
                0x0000000008006324                button_query
 .text.button_interrupt
                0x00000000080063f8       0x20 ./Libs/button.o
                0x00000000080063f8                button_interrupt
 .text.BUZZER_Init
                0x0000000008006418       0x10 ./Libs/buzzer.o
                0x0000000008006418                BUZZER_Init
 .text.BUZZER_PWM_SetPercent
                0x0000000008006428       0x38 ./Libs/buzzer.o
                0x0000000008006428                BUZZER_PWM_SetPercent
 .text.BUZZER_On
                0x0000000008006460        0xa ./Libs/buzzer.o
                0x0000000008006460                BUZZER_On
 .text.BUZZER_Off
                0x000000000800646a        0xa ./Libs/buzzer.o
                0x000000000800646a                BUZZER_Off
 .text.BUZZER_Go
                0x0000000008006474       0x1c ./Libs/buzzer.o
                0x0000000008006474                BUZZER_Go
 .text.adc_Measure
                0x0000000008006490      0x184 ./Libs/internal_adc.o
                0x0000000008006490                adc_Measure
 .text.LCD_WriteData
                0x0000000008006614       0x84 ./Libs/Display_st7789/LCD/lcd.o
 .text.LCD_FillPixels
                0x0000000008006698       0x48 ./Libs/Display_st7789/LCD/lcd.o
                0x0000000008006698                LCD_FillPixels
 .text.setSPI_Size.part.0
                0x00000000080066e0       0x40 ./Libs/Display_st7789/LCD/lcd.o
 .text.setDMAMemMode
                0x0000000008006720       0x94 ./Libs/Display_st7789/LCD/lcd.o
 .text.LCD_Update
                0x00000000080067b4        0xc ./Libs/Display_st7789/LCD/lcd.o
 .text.LCD_WriteCommand
                0x00000000080067c0       0x5c ./Libs/Display_st7789/LCD/lcd.o
 .text.LCD_SetAddressWindow
                0x000000000800681c       0x50 ./Libs/Display_st7789/LCD/lcd.o
 .text.LCD_FillArea
                0x000000000800686c       0x30 ./Libs/Display_st7789/LCD/lcd.o
                0x000000000800686c                LCD_FillArea
 .text.LCD_DrawPixel
                0x000000000800689c       0x48 ./Libs/Display_st7789/LCD/lcd.o
                0x000000000800689c                LCD_DrawPixel
 .text.LCD_Fill
                0x00000000080068e4       0x3a ./Libs/Display_st7789/LCD/lcd.o
                0x00000000080068e4                LCD_Fill
 .text.LCD_DrawLine
                0x000000000800691e       0x36 ./Libs/Display_st7789/LCD/lcd.o
                0x000000000800691e                LCD_DrawLine
 .text.LCD_DrawImage
                0x0000000008006954       0x56 ./Libs/Display_st7789/LCD/lcd.o
                0x0000000008006954                LCD_DrawImage
 .text.LCD_setPower
                0x00000000080069aa       0x16 ./Libs/Display_st7789/LCD/lcd.o
                0x00000000080069aa                LCD_setPower
 .text.LCD_init
                0x00000000080069c0       0x9c ./Libs/Display_st7789/LCD/lcd.o
                0x00000000080069c0                LCD_init
 .text._UG_GetCharData
                0x0000000008006a5c      0x130 ./Libs/Display_st7789/UGUI/ugui.o
 .text._UG_FontSelect
                0x0000000008006b8c       0x74 ./Libs/Display_st7789/UGUI/ugui.o
 .text._UG_PutChar
                0x0000000008006c00      0x390 ./Libs/Display_st7789/UGUI/ugui.o
 .text._UG_DecodeUTF8
                0x0000000008006f90       0x84 ./Libs/Display_st7789/UGUI/ugui.o
 .text.UG_Init  0x0000000008007014       0x74 ./Libs/Display_st7789/UGUI/ugui.o
                0x0000000008007014                UG_Init
 .text.UG_FillFrame
                0x0000000008007088       0x78 ./Libs/Display_st7789/UGUI/ugui.o
                0x0000000008007088                UG_FillFrame
 .text.UG_FillScreen
                0x0000000008007100       0x24 ./Libs/Display_st7789/UGUI/ugui.o
                0x0000000008007100                UG_FillScreen
 .text.UG_DrawLine
                0x0000000008007124      0x114 ./Libs/Display_st7789/UGUI/ugui.o
                0x0000000008007124                UG_DrawLine
 .text.UG_FontSetHSpace
                0x0000000008007238       0x10 ./Libs/Display_st7789/UGUI/ugui.o
                0x0000000008007238                UG_FontSetHSpace
 .text.UG_FontSetVSpace
                0x0000000008007248       0x10 ./Libs/Display_st7789/UGUI/ugui.o
                0x0000000008007248                UG_FontSetVSpace
 .text._UG_PutText
                0x0000000008007258      0x174 ./Libs/Display_st7789/UGUI/ugui.o
                0x0000000008007258                _UG_PutText
 .text._UG_WindowDrawTitle.isra.0
                0x00000000080073cc       0xd4 ./Libs/Display_st7789/UGUI/ugui.o
 .text._UG_DrawObjectFrame
                0x00000000080074a0      0x12e ./Libs/Display_st7789/UGUI/ugui.o
                0x00000000080074a0                _UG_DrawObjectFrame
 *fill*         0x00000000080075ce        0x2 
 .text.UG_DriverRegister
                0x00000000080075d0       0x1c ./Libs/Display_st7789/UGUI/ugui.o
                0x00000000080075d0                UG_DriverRegister
 .text.UG_Update
                0x00000000080075ec      0x2b8 ./Libs/Display_st7789/UGUI/ugui.o
                0x00000000080075ec                UG_Update
 .text.memset   0x00000000080078a4       0x10 C:/ST/STM32CubeIDE_1.11.0/STM32CubeIDE/plugins/com.st.stm32cube.ide.mcu.externaltools.gnu-tools-for-stm32.11.3.rel1.win32_1.1.100.202309141235/tools/bin/../lib/gcc/arm-none-eabi/11.3.1/../../../../arm-none-eabi/lib/thumb/v6-m/nofp\libc_nano.a(libc_a-memset.o)
                0x00000000080078a4                memset
 .text.__libc_init_array
                0x00000000080078b4       0x48 C:/ST/STM32CubeIDE_1.11.0/STM32CubeIDE/plugins/com.st.stm32cube.ide.mcu.externaltools.gnu-tools-for-stm32.11.3.rel1.win32_1.1.100.202309141235/tools/bin/../lib/gcc/arm-none-eabi/11.3.1/../../../../arm-none-eabi/lib/thumb/v6-m/nofp\libc_nano.a(libc_a-init.o)
                0x00000000080078b4                __libc_init_array
 .text.memcpy   0x00000000080078fc       0x12 C:/ST/STM32CubeIDE_1.11.0/STM32CubeIDE/plugins/com.st.stm32cube.ide.mcu.externaltools.gnu-tools-for-stm32.11.3.rel1.win32_1.1.100.202309141235/tools/bin/../lib/gcc/arm-none-eabi/11.3.1/../../../../arm-none-eabi/lib/thumb/v6-m/nofp\libc_nano.a(libc_a-memcpy-stub.o)
                0x00000000080078fc                memcpy
 *(.glue_7)
 .glue_7        0x000000000800790e        0x0 linker stubs
 *(.glue_7t)
 .glue_7t       0x000000000800790e        0x0 linker stubs
 *(.eh_frame)
 *fill*         0x000000000800790e        0x2 
 .eh_frame      0x0000000008007910        0x0 C:/ST/STM32CubeIDE_1.11.0/STM32CubeIDE/plugins/com.st.stm32cube.ide.mcu.externaltools.gnu-tools-for-stm32.11.3.rel1.win32_1.1.100.202309141235/tools/bin/../lib/gcc/arm-none-eabi/11.3.1/thumb/v6-m/nofp/crtbegin.o
 *(.init)
 .init          0x0000000008007910        0x4 C:/ST/STM32CubeIDE_1.11.0/STM32CubeIDE/plugins/com.st.stm32cube.ide.mcu.externaltools.gnu-tools-for-stm32.11.3.rel1.win32_1.1.100.202309141235/tools/bin/../lib/gcc/arm-none-eabi/11.3.1/thumb/v6-m/nofp/crti.o
                0x0000000008007910                _init
 .init          0x0000000008007914        0x8 C:/ST/STM32CubeIDE_1.11.0/STM32CubeIDE/plugins/com.st.stm32cube.ide.mcu.externaltools.gnu-tools-for-stm32.11.3.rel1.win32_1.1.100.202309141235/tools/bin/../lib/gcc/arm-none-eabi/11.3.1/thumb/v6-m/nofp/crtn.o
 *(.fini)
 .fini          0x000000000800791c        0x4 C:/ST/STM32CubeIDE_1.11.0/STM32CubeIDE/plugins/com.st.stm32cube.ide.mcu.externaltools.gnu-tools-for-stm32.11.3.rel1.win32_1.1.100.202309141235/tools/bin/../lib/gcc/arm-none-eabi/11.3.1/thumb/v6-m/nofp/crti.o
                0x000000000800791c                _fini
 .fini          0x0000000008007920        0x8 C:/ST/STM32CubeIDE_1.11.0/STM32CubeIDE/plugins/com.st.stm32cube.ide.mcu.externaltools.gnu-tools-for-stm32.11.3.rel1.win32_1.1.100.202309141235/tools/bin/../lib/gcc/arm-none-eabi/11.3.1/thumb/v6-m/nofp/crtn.o
                0x0000000008007928                . = ALIGN (0x4)
                0x0000000008007928                _etext = .

.vfp11_veneer   0x0000000008007928        0x0
 .vfp11_veneer  0x0000000008007928        0x0 linker stubs

.v4_bx          0x0000000008007928        0x0
 .v4_bx         0x0000000008007928        0x0 linker stubs

.iplt           0x0000000008007928        0x0
 .iplt          0x0000000008007928        0x0 C:/ST/STM32CubeIDE_1.11.0/STM32CubeIDE/plugins/com.st.stm32cube.ide.mcu.externaltools.gnu-tools-for-stm32.11.3.rel1.win32_1.1.100.202309141235/tools/bin/../lib/gcc/arm-none-eabi/11.3.1/thumb/v6-m/nofp/crtbegin.o

.rodata         0x0000000008007928       0xfc
                0x0000000008007928                . = ALIGN (0x4)
 *(.rodata)
 .rodata        0x0000000008007928        0x8 ./Libs/USB_driver.o
 *(.rodata*)
 .rodata.AHBPrescTable
                0x0000000008007930       0x40 ./Core/Src/system_stm32g0xx.o
                0x0000000008007930                AHBPrescTable
 .rodata.APBPrescTable
                0x0000000008007970       0x20 ./Core/Src/system_stm32g0xx.o
                0x0000000008007970                APBPrescTable
 .rodata.CSWTCH.66
                0x0000000008007990        0x3 ./Drivers/STM32G0xx_HAL_Driver/Src/stm32g0xx_hal_uart.o
 *fill*         0x0000000008007993        0x1 
 .rodata.UARTPrescTable
                0x0000000008007994       0x18 ./Drivers/STM32G0xx_HAL_Driver/Src/stm32g0xx_hal_uart.o
                0x0000000008007994                UARTPrescTable
 .rodata.denominator.0
                0x00000000080079ac        0x8 ./Drivers/STM32G0xx_HAL_Driver/Src/stm32g0xx_hal_uart_ex.o
 .rodata.numerator.1
                0x00000000080079b4        0x8 ./Drivers/STM32G0xx_HAL_Driver/Src/stm32g0xx_hal_uart_ex.o
 .rodata.LCD_SetAddressWindow.str1.1
                0x00000000080079bc        0x2 ./Libs/Display_st7789/LCD/lcd.o
 .rodata.init_cmd
                0x00000000080079be       0x4c ./Libs/Display_st7789/LCD/lcd.o
                0x00000000080079be                init_cmd
 .rodata.pal_window
                0x0000000008007a0a       0x18 ./Libs/Display_st7789/UGUI/ugui.o
                0x0000000008007a24                . = ALIGN (0x4)
 *fill*         0x0000000008007a22        0x2 

.rel.dyn        0x0000000008007a24        0x0
 .rel.iplt      0x0000000008007a24        0x0 C:/ST/STM32CubeIDE_1.11.0/STM32CubeIDE/plugins/com.st.stm32cube.ide.mcu.externaltools.gnu-tools-for-stm32.11.3.rel1.win32_1.1.100.202309141235/tools/bin/../lib/gcc/arm-none-eabi/11.3.1/thumb/v6-m/nofp/crtbegin.o

.ARM.extab      0x0000000008007a24        0x0
                0x0000000008007a24                . = ALIGN (0x4)
 *(.ARM.extab* .gnu.linkonce.armextab.*)
                0x0000000008007a24                . = ALIGN (0x4)

.ARM            0x0000000008007a24        0x0
                0x0000000008007a24                . = ALIGN (0x4)
                0x0000000008007a24                __exidx_start = .
 *(.ARM.exidx*)
                0x0000000008007a24                __exidx_end = .
                0x0000000008007a24                . = ALIGN (0x4)

.preinit_array  0x0000000008007a24        0x0
                0x0000000008007a24                . = ALIGN (0x4)
                0x0000000008007a24                PROVIDE (__preinit_array_start = .)
 *(.preinit_array*)
                0x0000000008007a24                PROVIDE (__preinit_array_end = .)
                0x0000000008007a24                . = ALIGN (0x4)

.init_array     0x0000000008007a24        0x4
                0x0000000008007a24                . = ALIGN (0x4)
                0x0000000008007a24                PROVIDE (__init_array_start = .)
 *(SORT_BY_NAME(.init_array.*))
 *(.init_array*)
 .init_array    0x0000000008007a24        0x4 C:/ST/STM32CubeIDE_1.11.0/STM32CubeIDE/plugins/com.st.stm32cube.ide.mcu.externaltools.gnu-tools-for-stm32.11.3.rel1.win32_1.1.100.202309141235/tools/bin/../lib/gcc/arm-none-eabi/11.3.1/thumb/v6-m/nofp/crtbegin.o
                0x0000000008007a28                PROVIDE (__init_array_end = .)
                0x0000000008007a28                . = ALIGN (0x4)

.fini_array     0x0000000008007a28        0x4
                0x0000000008007a28                . = ALIGN (0x4)
                [!provide]                        PROVIDE (__fini_array_start = .)
 *(SORT_BY_NAME(.fini_array.*))
 *(.fini_array*)
 .fini_array    0x0000000008007a28        0x4 C:/ST/STM32CubeIDE_1.11.0/STM32CubeIDE/plugins/com.st.stm32cube.ide.mcu.externaltools.gnu-tools-for-stm32.11.3.rel1.win32_1.1.100.202309141235/tools/bin/../lib/gcc/arm-none-eabi/11.3.1/thumb/v6-m/nofp/crtbegin.o
                [!provide]                        PROVIDE (__fini_array_end = .)
                0x0000000008007a2c                . = ALIGN (0x4)
                0x0000000008007a2c                _sidata = LOADADDR (.data)

.data           0x0000000020000000       0x20 load address 0x0000000008007a2c
                0x0000000020000000                . = ALIGN (0x4)
                0x0000000020000000                _sdata = .
 *(.data)
 *(.data*)
 .data.set_alarm
                0x0000000020000000        0x1 ./Core/Src/app_main.o
                0x0000000020000000                set_alarm
 .data.switch_alarmA_hour_min
                0x0000000020000001        0x1 ./Core/Src/app_main.o
                0x0000000020000001                switch_alarmA_hour_min
 .data.time_interval
                0x0000000020000002        0x2 ./Core/Src/app_main.o
                0x0000000020000002                time_interval
 .data.SystemCoreClock
                0x0000000020000004        0x4 ./Core/Src/system_stm32g0xx.o
                0x0000000020000004                SystemCoreClock
 .data.uwTickFreq
                0x0000000020000008        0x1 ./Drivers/STM32G0xx_HAL_Driver/Src/stm32g0xx_hal.o
                0x0000000020000008                uwTickFreq
 *fill*         0x0000000020000009        0x3 
 .data.uwTickPrio
                0x000000002000000c        0x4 ./Drivers/STM32G0xx_HAL_Driver/Src/stm32g0xx_hal.o
                0x000000002000000c                uwTickPrio
 .data.config   0x0000000020000010        0x3 ./Libs/Display_st7789/LCD/lcd.o
                0x0000000020000010                config
 *fill*         0x0000000020000013        0x1 
 .data.device   0x0000000020000014        0xc ./Libs/Display_st7789/LCD/lcd.o
 *(.RamFunc)
 *(.RamFunc*)
                0x0000000020000020                . = ALIGN (0x4)
                0x0000000020000020                _edata = .

.igot.plt       0x0000000020000020        0x0 load address 0x0000000008007a4c
 .igot.plt      0x0000000020000020        0x0 C:/ST/STM32CubeIDE_1.11.0/STM32CubeIDE/plugins/com.st.stm32cube.ide.mcu.externaltools.gnu-tools-for-stm32.11.3.rel1.win32_1.1.100.202309141235/tools/bin/../lib/gcc/arm-none-eabi/11.3.1/thumb/v6-m/nofp/crtbegin.o
                0x0000000020000020                . = ALIGN (0x4)

.bss            0x0000000020000020      0x414 load address 0x0000000008007a4c
                0x0000000020000020                _sbss = .
                0x0000000020000020                __bss_start__ = _sbss
 *(.bss)
 .bss           0x0000000020000020       0x1c C:/ST/STM32CubeIDE_1.11.0/STM32CubeIDE/plugins/com.st.stm32cube.ide.mcu.externaltools.gnu-tools-for-stm32.11.3.rel1.win32_1.1.100.202309141235/tools/bin/../lib/gcc/arm-none-eabi/11.3.1/thumb/v6-m/nofp/crtbegin.o
 *(.bss*)
 .bss.CO_buf    0x000000002000003c        0xa ./Core/Src/app_main.o
                0x000000002000003c                CO_buf
 .bss.ppm       0x0000000020000046        0x2 ./Core/Src/app_main.o
                0x0000000020000046                ppm
 .bss.prev_ppm  0x0000000020000048        0x2 ./Core/Src/app_main.o
                0x0000000020000048                prev_ppm
 .bss.set_alarmA_Time
                0x000000002000004a        0x1 ./Core/Src/app_main.o
                0x000000002000004a                set_alarmA_Time
 *fill*         0x000000002000004b        0x1 
 .bss.hadc1     0x000000002000004c       0x64 ./Core/Src/main.o
                0x000000002000004c                hadc1
 .bss.hdma_spi1_tx
                0x00000000200000b0       0x5c ./Core/Src/main.o
                0x00000000200000b0                hdma_spi1_tx
 .bss.hdma_usart1_rx
                0x000000002000010c       0x5c ./Core/Src/main.o
                0x000000002000010c                hdma_usart1_rx
 .bss.hi2c2     0x0000000020000168       0x54 ./Core/Src/main.o
                0x0000000020000168                hi2c2
 .bss.hrtc      0x00000000200001bc       0x2c ./Core/Src/main.o
                0x00000000200001bc                hrtc
 .bss.hspi1     0x00000000200001e8       0x64 ./Core/Src/main.o
                0x00000000200001e8                hspi1
 .bss.htim17    0x000000002000024c       0x4c ./Core/Src/main.o
                0x000000002000024c                htim17
 .bss.htim3     0x0000000020000298       0x4c ./Core/Src/main.o
                0x0000000020000298                htim3
 .bss.huart1    0x00000000200002e4       0x94 ./Core/Src/main.o
                0x00000000200002e4                huart1
 .bss.uwTick    0x0000000020000378        0x4 ./Drivers/STM32G0xx_HAL_Driver/Src/stm32g0xx_hal.o
                0x0000000020000378                uwTick
 .bss.DATA_CRCreg
                0x000000002000037c        0x1 ./Libs/AHT20.o
                0x000000002000037c                DATA_CRCreg
 *fill*         0x000000002000037d        0x3 
 .bss.DATA_Humi
                0x0000000020000380        0x4 ./Libs/AHT20.o
                0x0000000020000380                DATA_Humi
 .bss.DATA_State
                0x0000000020000384        0x1 ./Libs/AHT20.o
                0x0000000020000384                DATA_State
 *fill*         0x0000000020000385        0x3 
 .bss.DATA_Temp
                0x0000000020000388        0x4 ./Libs/AHT20.o
                0x0000000020000388                DATA_Temp
 .bss._aht20_ui2c
                0x000000002000038c        0x4 ./Libs/AHT20.o
                0x000000002000038c                _aht20_ui2c
 .bss.button_pressed
                0x0000000020000390        0x1 ./Libs/button.o
                0x0000000020000390                button_pressed
 *fill*         0x0000000020000391        0x3 
 .bss.hMenuButton
                0x0000000020000394        0x8 ./Libs/button.o
                0x0000000020000394                hMenuButton
 .bss.ticks     0x000000002000039c        0x1 ./Libs/button.o
                0x000000002000039c                ticks
 *fill*         0x000000002000039d        0x1 
 .bss.Buz       0x000000002000039e        0x6 ./Libs/buzzer.o
                0x000000002000039e                Buz
 .bss.gui       0x00000000200003a4       0x74 ./Libs/Display_st7789/LCD/lcd.o
 .bss.gui       0x0000000020000418        0x4 ./Libs/Display_st7789/UGUI/ugui.o
 .bss.last_encoding.3
                0x000000002000041c        0x2 ./Libs/Display_st7789/UGUI/ugui.o
 *fill*         0x000000002000041e        0x2 
 .bss.last_font.4
                0x0000000020000420        0x4 ./Libs/Display_st7789/UGUI/ugui.o
 .bss.last_p.2  0x0000000020000424        0x4 ./Libs/Display_st7789/UGUI/ugui.o
 .bss.last_width.1
                0x0000000020000428        0x2 ./Libs/Display_st7789/UGUI/ugui.o
 *fill*         0x000000002000042a        0x2 
 .bss.msg.0     0x000000002000042c        0x8 ./Libs/Display_st7789/UGUI/ugui.o
 *(COMMON)
                0x0000000020000434                . = ALIGN (0x4)
                0x0000000020000434                _ebss = .
                0x0000000020000434                __bss_end__ = _ebss

._user_heap_stack
                0x0000000020000434      0x604 load address 0x0000000008007a4c
                0x0000000020000438                . = ALIGN (0x8)
 *fill*         0x0000000020000434        0x4 
                [!provide]                        PROVIDE (end = .)
                0x0000000020000438                PROVIDE (_end = .)
                0x0000000020000638                . = (. + _Min_Heap_Size)
 *fill*         0x0000000020000438      0x200 
                0x0000000020000a38                . = (. + _Min_Stack_Size)
 *fill*         0x0000000020000638      0x400 
                0x0000000020000a38                . = ALIGN (0x8)

/DISCARD/
 libc.a(*)
 libm.a(*)
 libgcc.a(*)

.ARM.attributes
                0x0000000000000000       0x28
 *(.ARM.attributes)
 .ARM.attributes
                0x0000000000000000       0x1e C:/ST/STM32CubeIDE_1.11.0/STM32CubeIDE/plugins/com.st.stm32cube.ide.mcu.externaltools.gnu-tools-for-stm32.11.3.rel1.win32_1.1.100.202309141235/tools/bin/../lib/gcc/arm-none-eabi/11.3.1/thumb/v6-m/nofp/crti.o
 .ARM.attributes
                0x000000000000001e       0x2c C:/ST/STM32CubeIDE_1.11.0/STM32CubeIDE/plugins/com.st.stm32cube.ide.mcu.externaltools.gnu-tools-for-stm32.11.3.rel1.win32_1.1.100.202309141235/tools/bin/../lib/gcc/arm-none-eabi/11.3.1/thumb/v6-m/nofp/crtbegin.o
 .ARM.attributes
                0x000000000000004a       0x2c ./Core/Src/app_main.o
 .ARM.attributes
                0x0000000000000076       0x2c ./Core/Src/main.o
 .ARM.attributes
                0x00000000000000a2       0x2c ./Core/Src/stm32g0xx_hal_msp.o
 .ARM.attributes
                0x00000000000000ce       0x2c ./Core/Src/stm32g0xx_it.o
 .ARM.attributes
                0x00000000000000fa       0x2c ./Core/Src/system_stm32g0xx.o
 .ARM.attributes
                0x0000000000000126       0x22 ./Core/Startup/startup_stm32g030c8tx.o
 .ARM.attributes
                0x0000000000000148       0x2c ./Drivers/STM32G0xx_HAL_Driver/Src/stm32g0xx_hal.o
 .ARM.attributes
                0x0000000000000174       0x2c ./Drivers/STM32G0xx_HAL_Driver/Src/stm32g0xx_hal_adc.o
 .ARM.attributes
                0x00000000000001a0       0x2c ./Drivers/STM32G0xx_HAL_Driver/Src/stm32g0xx_hal_cortex.o
 .ARM.attributes
                0x00000000000001cc       0x2c ./Drivers/STM32G0xx_HAL_Driver/Src/stm32g0xx_hal_dma.o
 .ARM.attributes
                0x00000000000001f8       0x2c ./Drivers/STM32G0xx_HAL_Driver/Src/stm32g0xx_hal_gpio.o
 .ARM.attributes
                0x0000000000000224       0x2c ./Drivers/STM32G0xx_HAL_Driver/Src/stm32g0xx_hal_i2c.o
 .ARM.attributes
                0x0000000000000250       0x2c ./Drivers/STM32G0xx_HAL_Driver/Src/stm32g0xx_hal_i2c_ex.o
 .ARM.attributes
                0x000000000000027c       0x2c ./Drivers/STM32G0xx_HAL_Driver/Src/stm32g0xx_hal_pwr_ex.o
 .ARM.attributes
                0x00000000000002a8       0x2c ./Drivers/STM32G0xx_HAL_Driver/Src/stm32g0xx_hal_rcc.o
 .ARM.attributes
                0x00000000000002d4       0x2c ./Drivers/STM32G0xx_HAL_Driver/Src/stm32g0xx_hal_rcc_ex.o
 .ARM.attributes
                0x0000000000000300       0x2c ./Drivers/STM32G0xx_HAL_Driver/Src/stm32g0xx_hal_rtc.o
 .ARM.attributes
                0x000000000000032c       0x2c ./Drivers/STM32G0xx_HAL_Driver/Src/stm32g0xx_hal_rtc_ex.o
 .ARM.attributes
                0x0000000000000358       0x2c ./Drivers/STM32G0xx_HAL_Driver/Src/stm32g0xx_hal_spi.o
 .ARM.attributes
                0x0000000000000384       0x2c ./Drivers/STM32G0xx_HAL_Driver/Src/stm32g0xx_hal_tim.o
 .ARM.attributes
                0x00000000000003b0       0x2c ./Drivers/STM32G0xx_HAL_Driver/Src/stm32g0xx_hal_tim_ex.o
 .ARM.attributes
                0x00000000000003dc       0x2c ./Drivers/STM32G0xx_HAL_Driver/Src/stm32g0xx_hal_uart.o
 .ARM.attributes
                0x0000000000000408       0x2c ./Drivers/STM32G0xx_HAL_Driver/Src/stm32g0xx_hal_uart_ex.o
 .ARM.attributes
                0x0000000000000434       0x2c ./Libs/AHT20.o
 .ARM.attributes
                0x0000000000000460       0x2c ./Libs/USB_driver.o
 .ARM.attributes
                0x000000000000048c       0x2c ./Libs/button.o
 .ARM.attributes
                0x00000000000004b8       0x2c ./Libs/buzzer.o
 .ARM.attributes
                0x00000000000004e4       0x2c ./Libs/internal_adc.o
 .ARM.attributes
                0x0000000000000510       0x2c ./Libs/Display_st7789/LCD/lcd.o
 .ARM.attributes
                0x000000000000053c       0x2c ./Libs/Display_st7789/UGUI/ugui.o
 .ARM.attributes
                0x0000000000000568       0x2c C:/ST/STM32CubeIDE_1.11.0/STM32CubeIDE/plugins/com.st.stm32cube.ide.mcu.externaltools.gnu-tools-for-stm32.11.3.rel1.win32_1.1.100.202309141235/tools/bin/../lib/gcc/arm-none-eabi/11.3.1/../../../../arm-none-eabi/lib/thumb/v6-m/nofp\libc_nano.a(libc_a-memset.o)
 .ARM.attributes
                0x0000000000000594       0x2c C:/ST/STM32CubeIDE_1.11.0/STM32CubeIDE/plugins/com.st.stm32cube.ide.mcu.externaltools.gnu-tools-for-stm32.11.3.rel1.win32_1.1.100.202309141235/tools/bin/../lib/gcc/arm-none-eabi/11.3.1/../../../../arm-none-eabi/lib/thumb/v6-m/nofp\libc_nano.a(libc_a-init.o)
 .ARM.attributes
                0x00000000000005c0       0x2c C:/ST/STM32CubeIDE_1.11.0/STM32CubeIDE/plugins/com.st.stm32cube.ide.mcu.externaltools.gnu-tools-for-stm32.11.3.rel1.win32_1.1.100.202309141235/tools/bin/../lib/gcc/arm-none-eabi/11.3.1/../../../../arm-none-eabi/lib/thumb/v6-m/nofp\libc_nano.a(libc_a-memcpy-stub.o)
 .ARM.attributes
                0x00000000000005ec       0x1e C:/ST/STM32CubeIDE_1.11.0/STM32CubeIDE/plugins/com.st.stm32cube.ide.mcu.externaltools.gnu-tools-for-stm32.11.3.rel1.win32_1.1.100.202309141235/tools/bin/../lib/gcc/arm-none-eabi/11.3.1/thumb/v6-m/nofp\libgcc.a(_thumb1_case_uqi.o)
 .ARM.attributes
                0x000000000000060a       0x1e C:/ST/STM32CubeIDE_1.11.0/STM32CubeIDE/plugins/com.st.stm32cube.ide.mcu.externaltools.gnu-tools-for-stm32.11.3.rel1.win32_1.1.100.202309141235/tools/bin/../lib/gcc/arm-none-eabi/11.3.1/thumb/v6-m/nofp\libgcc.a(_udivsi3.o)
 .ARM.attributes
                0x0000000000000628       0x1e C:/ST/STM32CubeIDE_1.11.0/STM32CubeIDE/plugins/com.st.stm32cube.ide.mcu.externaltools.gnu-tools-for-stm32.11.3.rel1.win32_1.1.100.202309141235/tools/bin/../lib/gcc/arm-none-eabi/11.3.1/thumb/v6-m/nofp\libgcc.a(_divsi3.o)
 .ARM.attributes
                0x0000000000000646       0x1e C:/ST/STM32CubeIDE_1.11.0/STM32CubeIDE/plugins/com.st.stm32cube.ide.mcu.externaltools.gnu-tools-for-stm32.11.3.rel1.win32_1.1.100.202309141235/tools/bin/../lib/gcc/arm-none-eabi/11.3.1/thumb/v6-m/nofp\libgcc.a(_dvmd_tls.o)
 .ARM.attributes
                0x0000000000000664       0x2c C:/ST/STM32CubeIDE_1.11.0/STM32CubeIDE/plugins/com.st.stm32cube.ide.mcu.externaltools.gnu-tools-for-stm32.11.3.rel1.win32_1.1.100.202309141235/tools/bin/../lib/gcc/arm-none-eabi/11.3.1/thumb/v6-m/nofp\libgcc.a(_fixunsdfsi.o)
 .ARM.attributes
                0x0000000000000690       0x2c C:/ST/STM32CubeIDE_1.11.0/STM32CubeIDE/plugins/com.st.stm32cube.ide.mcu.externaltools.gnu-tools-for-stm32.11.3.rel1.win32_1.1.100.202309141235/tools/bin/../lib/gcc/arm-none-eabi/11.3.1/thumb/v6-m/nofp\libgcc.a(mulsf3.o)
 .ARM.attributes
                0x00000000000006bc       0x2c C:/ST/STM32CubeIDE_1.11.0/STM32CubeIDE/plugins/com.st.stm32cube.ide.mcu.externaltools.gnu-tools-for-stm32.11.3.rel1.win32_1.1.100.202309141235/tools/bin/../lib/gcc/arm-none-eabi/11.3.1/thumb/v6-m/nofp\libgcc.a(floatunsisf.o)
 .ARM.attributes
                0x00000000000006e8       0x2c C:/ST/STM32CubeIDE_1.11.0/STM32CubeIDE/plugins/com.st.stm32cube.ide.mcu.externaltools.gnu-tools-for-stm32.11.3.rel1.win32_1.1.100.202309141235/tools/bin/../lib/gcc/arm-none-eabi/11.3.1/thumb/v6-m/nofp\libgcc.a(muldf3.o)
 .ARM.attributes
                0x0000000000000714       0x2c C:/ST/STM32CubeIDE_1.11.0/STM32CubeIDE/plugins/com.st.stm32cube.ide.mcu.externaltools.gnu-tools-for-stm32.11.3.rel1.win32_1.1.100.202309141235/tools/bin/../lib/gcc/arm-none-eabi/11.3.1/thumb/v6-m/nofp\libgcc.a(subdf3.o)
 .ARM.attributes
                0x0000000000000740       0x2c C:/ST/STM32CubeIDE_1.11.0/STM32CubeIDE/plugins/com.st.stm32cube.ide.mcu.externaltools.gnu-tools-for-stm32.11.3.rel1.win32_1.1.100.202309141235/tools/bin/../lib/gcc/arm-none-eabi/11.3.1/thumb/v6-m/nofp\libgcc.a(fixdfsi.o)
 .ARM.attributes
                0x000000000000076c       0x2c C:/ST/STM32CubeIDE_1.11.0/STM32CubeIDE/plugins/com.st.stm32cube.ide.mcu.externaltools.gnu-tools-for-stm32.11.3.rel1.win32_1.1.100.202309141235/tools/bin/../lib/gcc/arm-none-eabi/11.3.1/thumb/v6-m/nofp\libgcc.a(floatsidf.o)
 .ARM.attributes
                0x0000000000000798       0x2c C:/ST/STM32CubeIDE_1.11.0/STM32CubeIDE/plugins/com.st.stm32cube.ide.mcu.externaltools.gnu-tools-for-stm32.11.3.rel1.win32_1.1.100.202309141235/tools/bin/../lib/gcc/arm-none-eabi/11.3.1/thumb/v6-m/nofp\libgcc.a(floatunsidf.o)
 .ARM.attributes
                0x00000000000007c4       0x2c C:/ST/STM32CubeIDE_1.11.0/STM32CubeIDE/plugins/com.st.stm32cube.ide.mcu.externaltools.gnu-tools-for-stm32.11.3.rel1.win32_1.1.100.202309141235/tools/bin/../lib/gcc/arm-none-eabi/11.3.1/thumb/v6-m/nofp\libgcc.a(extendsfdf2.o)
 .ARM.attributes
                0x00000000000007f0       0x2c C:/ST/STM32CubeIDE_1.11.0/STM32CubeIDE/plugins/com.st.stm32cube.ide.mcu.externaltools.gnu-tools-for-stm32.11.3.rel1.win32_1.1.100.202309141235/tools/bin/../lib/gcc/arm-none-eabi/11.3.1/thumb/v6-m/nofp\libgcc.a(truncdfsf2.o)
 .ARM.attributes
                0x000000000000081c       0x1e C:/ST/STM32CubeIDE_1.11.0/STM32CubeIDE/plugins/com.st.stm32cube.ide.mcu.externaltools.gnu-tools-for-stm32.11.3.rel1.win32_1.1.100.202309141235/tools/bin/../lib/gcc/arm-none-eabi/11.3.1/thumb/v6-m/nofp\libgcc.a(_arm_cmpdf2.o)
 .ARM.attributes
                0x000000000000083a       0x1e C:/ST/STM32CubeIDE_1.11.0/STM32CubeIDE/plugins/com.st.stm32cube.ide.mcu.externaltools.gnu-tools-for-stm32.11.3.rel1.win32_1.1.100.202309141235/tools/bin/../lib/gcc/arm-none-eabi/11.3.1/thumb/v6-m/nofp\libgcc.a(_clzsi2.o)
 .ARM.attributes
                0x0000000000000858       0x2c C:/ST/STM32CubeIDE_1.11.0/STM32CubeIDE/plugins/com.st.stm32cube.ide.mcu.externaltools.gnu-tools-for-stm32.11.3.rel1.win32_1.1.100.202309141235/tools/bin/../lib/gcc/arm-none-eabi/11.3.1/thumb/v6-m/nofp\libgcc.a(eqdf2.o)
 .ARM.attributes
                0x0000000000000884       0x2c C:/ST/STM32CubeIDE_1.11.0/STM32CubeIDE/plugins/com.st.stm32cube.ide.mcu.externaltools.gnu-tools-for-stm32.11.3.rel1.win32_1.1.100.202309141235/tools/bin/../lib/gcc/arm-none-eabi/11.3.1/thumb/v6-m/nofp\libgcc.a(gedf2.o)
 .ARM.attributes
                0x00000000000008b0       0x2c C:/ST/STM32CubeIDE_1.11.0/STM32CubeIDE/plugins/com.st.stm32cube.ide.mcu.externaltools.gnu-tools-for-stm32.11.3.rel1.win32_1.1.100.202309141235/tools/bin/../lib/gcc/arm-none-eabi/11.3.1/thumb/v6-m/nofp\libgcc.a(ledf2.o)
 .ARM.attributes
                0x00000000000008dc       0x1e C:/ST/STM32CubeIDE_1.11.0/STM32CubeIDE/plugins/com.st.stm32cube.ide.mcu.externaltools.gnu-tools-for-stm32.11.3.rel1.win32_1.1.100.202309141235/tools/bin/../lib/gcc/arm-none-eabi/11.3.1/thumb/v6-m/nofp/crtn.o
OUTPUT(CO_Detetcor_DMA.elf elf32-littlearm)
LOAD linker stubs
LOAD C:/ST/STM32CubeIDE_1.11.0/STM32CubeIDE/plugins/com.st.stm32cube.ide.mcu.externaltools.gnu-tools-for-stm32.11.3.rel1.win32_1.1.100.202309141235/tools/bin/../lib/gcc/arm-none-eabi/11.3.1/../../../../arm-none-eabi/lib/thumb/v6-m/nofp\libc.a
LOAD C:/ST/STM32CubeIDE_1.11.0/STM32CubeIDE/plugins/com.st.stm32cube.ide.mcu.externaltools.gnu-tools-for-stm32.11.3.rel1.win32_1.1.100.202309141235/tools/bin/../lib/gcc/arm-none-eabi/11.3.1/../../../../arm-none-eabi/lib/thumb/v6-m/nofp\libm.a
LOAD C:/ST/STM32CubeIDE_1.11.0/STM32CubeIDE/plugins/com.st.stm32cube.ide.mcu.externaltools.gnu-tools-for-stm32.11.3.rel1.win32_1.1.100.202309141235/tools/bin/../lib/gcc/arm-none-eabi/11.3.1/thumb/v6-m/nofp\libgcc.a

.comment        0x0000000000000000       0x43
 .comment       0x0000000000000000       0x43 C:/ST/STM32CubeIDE_1.11.0/STM32CubeIDE/plugins/com.st.stm32cube.ide.mcu.externaltools.gnu-tools-for-stm32.11.3.rel1.win32_1.1.100.202309141235/tools/bin/../lib/gcc/arm-none-eabi/11.3.1/thumb/v6-m/nofp/crtbegin.o
                                         0x44 (size before relaxing)
 .comment       0x0000000000000043       0x44 ./Core/Src/app_main.o
 .comment       0x0000000000000043       0x44 ./Core/Src/main.o
 .comment       0x0000000000000043       0x44 ./Core/Src/stm32g0xx_hal_msp.o
 .comment       0x0000000000000043       0x44 ./Core/Src/stm32g0xx_it.o
 .comment       0x0000000000000043       0x44 ./Core/Src/system_stm32g0xx.o
 .comment       0x0000000000000043       0x44 ./Drivers/STM32G0xx_HAL_Driver/Src/stm32g0xx_hal.o
 .comment       0x0000000000000043       0x44 ./Drivers/STM32G0xx_HAL_Driver/Src/stm32g0xx_hal_adc.o
 .comment       0x0000000000000043       0x44 ./Drivers/STM32G0xx_HAL_Driver/Src/stm32g0xx_hal_cortex.o
 .comment       0x0000000000000043       0x44 ./Drivers/STM32G0xx_HAL_Driver/Src/stm32g0xx_hal_dma.o
 .comment       0x0000000000000043       0x44 ./Drivers/STM32G0xx_HAL_Driver/Src/stm32g0xx_hal_gpio.o
 .comment       0x0000000000000043       0x44 ./Drivers/STM32G0xx_HAL_Driver/Src/stm32g0xx_hal_i2c.o
 .comment       0x0000000000000043       0x44 ./Drivers/STM32G0xx_HAL_Driver/Src/stm32g0xx_hal_i2c_ex.o
 .comment       0x0000000000000043       0x44 ./Drivers/STM32G0xx_HAL_Driver/Src/stm32g0xx_hal_pwr_ex.o
 .comment       0x0000000000000043       0x44 ./Drivers/STM32G0xx_HAL_Driver/Src/stm32g0xx_hal_rcc.o
 .comment       0x0000000000000043       0x44 ./Drivers/STM32G0xx_HAL_Driver/Src/stm32g0xx_hal_rcc_ex.o
 .comment       0x0000000000000043       0x44 ./Drivers/STM32G0xx_HAL_Driver/Src/stm32g0xx_hal_rtc.o
 .comment       0x0000000000000043       0x44 ./Drivers/STM32G0xx_HAL_Driver/Src/stm32g0xx_hal_rtc_ex.o
 .comment       0x0000000000000043       0x44 ./Drivers/STM32G0xx_HAL_Driver/Src/stm32g0xx_hal_spi.o
 .comment       0x0000000000000043       0x44 ./Drivers/STM32G0xx_HAL_Driver/Src/stm32g0xx_hal_tim.o
 .comment       0x0000000000000043       0x44 ./Drivers/STM32G0xx_HAL_Driver/Src/stm32g0xx_hal_tim_ex.o
 .comment       0x0000000000000043       0x44 ./Drivers/STM32G0xx_HAL_Driver/Src/stm32g0xx_hal_uart.o
 .comment       0x0000000000000043       0x44 ./Drivers/STM32G0xx_HAL_Driver/Src/stm32g0xx_hal_uart_ex.o
 .comment       0x0000000000000043       0x44 ./Libs/AHT20.o
 .comment       0x0000000000000043       0x44 ./Libs/USB_driver.o
 .comment       0x0000000000000043       0x44 ./Libs/button.o
 .comment       0x0000000000000043       0x44 ./Libs/buzzer.o
 .comment       0x0000000000000043       0x44 ./Libs/internal_adc.o
 .comment       0x0000000000000043       0x44 ./Libs/Display_st7789/LCD/lcd.o
 .comment       0x0000000000000043       0x44 ./Libs/Display_st7789/UGUI/ugui.o

.debug_frame    0x0000000000000000      0x338
 .debug_frame   0x0000000000000000       0x20 C:/ST/STM32CubeIDE_1.11.0/STM32CubeIDE/plugins/com.st.stm32cube.ide.mcu.externaltools.gnu-tools-for-stm32.11.3.rel1.win32_1.1.100.202309141235/tools/bin/../lib/gcc/arm-none-eabi/11.3.1/../../../../arm-none-eabi/lib/thumb/v6-m/nofp\libc_nano.a(libc_a-memset.o)
 .debug_frame   0x0000000000000020       0x2c C:/ST/STM32CubeIDE_1.11.0/STM32CubeIDE/plugins/com.st.stm32cube.ide.mcu.externaltools.gnu-tools-for-stm32.11.3.rel1.win32_1.1.100.202309141235/tools/bin/../lib/gcc/arm-none-eabi/11.3.1/../../../../arm-none-eabi/lib/thumb/v6-m/nofp\libc_nano.a(libc_a-init.o)
 .debug_frame   0x000000000000004c       0x28 C:/ST/STM32CubeIDE_1.11.0/STM32CubeIDE/plugins/com.st.stm32cube.ide.mcu.externaltools.gnu-tools-for-stm32.11.3.rel1.win32_1.1.100.202309141235/tools/bin/../lib/gcc/arm-none-eabi/11.3.1/../../../../arm-none-eabi/lib/thumb/v6-m/nofp\libc_nano.a(libc_a-memcpy-stub.o)
 .debug_frame   0x0000000000000074       0x20 C:/ST/STM32CubeIDE_1.11.0/STM32CubeIDE/plugins/com.st.stm32cube.ide.mcu.externaltools.gnu-tools-for-stm32.11.3.rel1.win32_1.1.100.202309141235/tools/bin/../lib/gcc/arm-none-eabi/11.3.1/thumb/v6-m/nofp\libgcc.a(_udivsi3.o)
 .debug_frame   0x0000000000000094       0x20 C:/ST/STM32CubeIDE_1.11.0/STM32CubeIDE/plugins/com.st.stm32cube.ide.mcu.externaltools.gnu-tools-for-stm32.11.3.rel1.win32_1.1.100.202309141235/tools/bin/../lib/gcc/arm-none-eabi/11.3.1/thumb/v6-m/nofp\libgcc.a(_divsi3.o)
 .debug_frame   0x00000000000000b4       0x2c C:/ST/STM32CubeIDE_1.11.0/STM32CubeIDE/plugins/com.st.stm32cube.ide.mcu.externaltools.gnu-tools-for-stm32.11.3.rel1.win32_1.1.100.202309141235/tools/bin/../lib/gcc/arm-none-eabi/11.3.1/thumb/v6-m/nofp\libgcc.a(_fixunsdfsi.o)
 .debug_frame   0x00000000000000e0       0x38 C:/ST/STM32CubeIDE_1.11.0/STM32CubeIDE/plugins/com.st.stm32cube.ide.mcu.externaltools.gnu-tools-for-stm32.11.3.rel1.win32_1.1.100.202309141235/tools/bin/../lib/gcc/arm-none-eabi/11.3.1/thumb/v6-m/nofp\libgcc.a(mulsf3.o)
 .debug_frame   0x0000000000000118       0x2c C:/ST/STM32CubeIDE_1.11.0/STM32CubeIDE/plugins/com.st.stm32cube.ide.mcu.externaltools.gnu-tools-for-stm32.11.3.rel1.win32_1.1.100.202309141235/tools/bin/../lib/gcc/arm-none-eabi/11.3.1/thumb/v6-m/nofp\libgcc.a(floatunsisf.o)
 .debug_frame   0x0000000000000144       0x3c C:/ST/STM32CubeIDE_1.11.0/STM32CubeIDE/plugins/com.st.stm32cube.ide.mcu.externaltools.gnu-tools-for-stm32.11.3.rel1.win32_1.1.100.202309141235/tools/bin/../lib/gcc/arm-none-eabi/11.3.1/thumb/v6-m/nofp\libgcc.a(muldf3.o)
 .debug_frame   0x0000000000000180       0x3c C:/ST/STM32CubeIDE_1.11.0/STM32CubeIDE/plugins/com.st.stm32cube.ide.mcu.externaltools.gnu-tools-for-stm32.11.3.rel1.win32_1.1.100.202309141235/tools/bin/../lib/gcc/arm-none-eabi/11.3.1/thumb/v6-m/nofp\libgcc.a(subdf3.o)
 .debug_frame   0x00000000000001bc       0x2c C:/ST/STM32CubeIDE_1.11.0/STM32CubeIDE/plugins/com.st.stm32cube.ide.mcu.externaltools.gnu-tools-for-stm32.11.3.rel1.win32_1.1.100.202309141235/tools/bin/../lib/gcc/arm-none-eabi/11.3.1/thumb/v6-m/nofp\libgcc.a(fixdfsi.o)
 .debug_frame   0x00000000000001e8       0x2c C:/ST/STM32CubeIDE_1.11.0/STM32CubeIDE/plugins/com.st.stm32cube.ide.mcu.externaltools.gnu-tools-for-stm32.11.3.rel1.win32_1.1.100.202309141235/tools/bin/../lib/gcc/arm-none-eabi/11.3.1/thumb/v6-m/nofp\libgcc.a(floatsidf.o)
 .debug_frame   0x0000000000000214       0x28 C:/ST/STM32CubeIDE_1.11.0/STM32CubeIDE/plugins/com.st.stm32cube.ide.mcu.externaltools.gnu-tools-for-stm32.11.3.rel1.win32_1.1.100.202309141235/tools/bin/../lib/gcc/arm-none-eabi/11.3.1/thumb/v6-m/nofp\libgcc.a(floatunsidf.o)
 .debug_frame   0x000000000000023c       0x2c C:/ST/STM32CubeIDE_1.11.0/STM32CubeIDE/plugins/com.st.stm32cube.ide.mcu.externaltools.gnu-tools-for-stm32.11.3.rel1.win32_1.1.100.202309141235/tools/bin/../lib/gcc/arm-none-eabi/11.3.1/thumb/v6-m/nofp\libgcc.a(extendsfdf2.o)
 .debug_frame   0x0000000000000268       0x30 C:/ST/STM32CubeIDE_1.11.0/STM32CubeIDE/plugins/com.st.stm32cube.ide.mcu.externaltools.gnu-tools-for-stm32.11.3.rel1.win32_1.1.100.202309141235/tools/bin/../lib/gcc/arm-none-eabi/11.3.1/thumb/v6-m/nofp\libgcc.a(truncdfsf2.o)
 .debug_frame   0x0000000000000298       0x38 C:/ST/STM32CubeIDE_1.11.0/STM32CubeIDE/plugins/com.st.stm32cube.ide.mcu.externaltools.gnu-tools-for-stm32.11.3.rel1.win32_1.1.100.202309141235/tools/bin/../lib/gcc/arm-none-eabi/11.3.1/thumb/v6-m/nofp\libgcc.a(eqdf2.o)
 .debug_frame   0x00000000000002d0       0x34 C:/ST/STM32CubeIDE_1.11.0/STM32CubeIDE/plugins/com.st.stm32cube.ide.mcu.externaltools.gnu-tools-for-stm32.11.3.rel1.win32_1.1.100.202309141235/tools/bin/../lib/gcc/arm-none-eabi/11.3.1/thumb/v6-m/nofp\libgcc.a(gedf2.o)
 .debug_frame   0x0000000000000304       0x34 C:/ST/STM32CubeIDE_1.11.0/STM32CubeIDE/plugins/com.st.stm32cube.ide.mcu.externaltools.gnu-tools-for-stm32.11.3.rel1.win32_1.1.100.202309141235/tools/bin/../lib/gcc/arm-none-eabi/11.3.1/thumb/v6-m/nofp\libgcc.a(ledf2.o)
